]0;~/Desktop/Ninefold-Path/Eightfold-Path[?1034hwliamlaptop:Eightfold-Path wliamlaptop$ [Kwliamlaptop:Eightfold-Path wliamlaptop$ git statuys[K[Ks
On branch master
Your branch is up to date with 'origin/master'.

Changes not staged for commit:
  (use "git add <file>..." to update what will be committed)
  (use "git checkout -- <file>..." to discard changes in working directory)

	[31mmodified:   .Rproj.user/D6301B1F/console06/INDEX001[m

Untracked files:
  (use "git add <file>..." to include in what will be committed)

	[31m.Rproj.user/D6301B1F/console06/58601096[m
	[31m.Rproj.user/D6301B1F/sources/s-1E9C7719/[m

no changes added to commit (use "git add" and/or "git commit -a")
]0;~/Desktop/Ninefold-Path/Eightfold-Pathwliamlaptop:Eightfold-Path wliamlaptop$ git add.[K .
]0;~/Desktop/Ninefold-Path/Eightfold-Pathwliamlaptop:Eightfold-Path wliamlaptop$ git commit '[K-m "using Rproj"[K[K[K[K[K[K[K[K[Kng terminal in RSt udio to b[Ksva[K[Kave changes to po[Kroject"
[master 431cd00] using terminal in RStudio to save changes to project
 4 files changed, 98 insertions(+), 1 deletion(-)
 create mode 100644 .Rproj.user/D6301B1F/console06/58601096
 create mode 100644 .Rproj.user/D6301B1F/console06/58601096.env
 rewrite .Rproj.user/D6301B1F/console06/INDEX001 (100%)
 create mode 100644 .Rproj.user/D6301B1F/sources/s-1E9C7719/lock_file
]0;~/Desktop/Ninefold-Path/Eightfold-Pathwliamlaptop:Eightfold-Path wliamlaptop$ git push
Counting objects: 10, done.
Delta compression using up to 8 threads.
Compressing objects:  11% (1/9)   Compressing objects:  22% (2/9)   Compressing objects:  33% (3/9)   Compressing objects:  44% (4/9)   Compressing objects:  55% (5/9)   Compressing objects:  66% (6/9)   Compressing objects:  77% (7/9)   Compressing objects:  88% (8/9)   Compressing objects: 100% (9/9)   Compressing objects: 100% (9/9), done.
Writing objects:  10% (1/10)   Writing objects:  20% (2/10)   Writing objects:  30% (3/10)   Writing objects:  40% (4/10)   Writing objects:  50% (5/10)   Writing objects:  60% (6/10)   Writing objects:  70% (7/10)   Writing objects:  80% (8/10)   Writing objects:  90% (9/10)   Writing objects: 100% (10/10)   Writing objects: 100% (10/10), 2.66 KiB | 2.67 MiB/s, done.
Total 10 (delta 2), reused 0 (delta 0)
remote: Resolving deltas:   0% (0/2)   [Kremote: Resolving deltas:  50% (1/2)   [Kremote: Resolving deltas: 100% (2/2)   [Kremote: Resolving deltas: 100% (2/2), completed with 2 local objects.[K
To https://github.com/wliammd/Eightfold-Path.git
   8b0d06e..431cd00  master -> master
]0;~/Desktop/Ninefold-Path/Eightfold-Pathwliamlaptop:Eightfold-Path wliamlaptop$ git status
On branch master
Your branch is up to date with 'origin/master'.

Changes not staged for commit:
  (use "git add <file>..." to update what will be committed)
  (use "git checkout -- <file>..." to discard changes in working directory)

	[31mmodified:   .Rproj.user/D6301B1F/console06/58601096[m

no changes added to commit (use "git add" and/or "git commit -a")
]0;~/Desktop/Ninefold-Path/Eightfold-Pathwliamlaptop:Eightfold-Path wliamlaptop$ git add .
]0;~/Desktop/Ninefold-Path/Eightfold-Pathwliamlaptop:Eightfold-Path wliamlaptop$ git commit -m "why the es[Kxtra mods?"
[master 8c026c7] why the extra mods?
 1 file changed, 29 insertions(+), 1 deletion(-)
]0;~/Desktop/Ninefold-Path/Eightfold-Pathwliamlaptop:Eightfold-Path wliamlaptop$ git push
Counting objects: 6, done.
Delta compression using up to 8 threads.
Compressing objects:  16% (1/6)   Compressing objects:  33% (2/6)   Compressing objects:  50% (3/6)   Compressing objects:  66% (4/6)   Compressing objects:  83% (5/6)   Compressing objects: 100% (6/6)   Compressing objects: 100% (6/6), done.
Writing objects:  16% (1/6)   Writing objects:  33% (2/6)   Writing objects:  50% (3/6)   Writing objects:  66% (4/6)   Writing objects:  83% (5/6)   Writing objects: 100% (6/6)   Writing objects: 100% (6/6), 1.39 KiB | 1.39 MiB/s, done.
Total 6 (delta 2), reused 0 (delta 0)
remote: Resolving deltas:   0% (0/2)   [Kremote: Resolving deltas:  50% (1/2)   [Kremote: Resolving deltas: 100% (2/2)   [Kremote: Resolving deltas: 100% (2/2), completed with 2 local objects.[K
To https://github.com/wliammd/Eightfold-Path.git
   431cd00..8c026c7  master -> master
]0;~/Desktop/Ninefold-Path/Eightfold-Pathwliamlaptop:Eightfold-Path wliamlaptop$ git status
On branch master
Your branch is up to date with 'origin/master'.

Changes not staged for commit:
  (use "git add <file>..." to update what will be committed)
  (use "git checkout -- <file>..." to discard changes in working directory)

	[31mmodified:   .Rproj.user/D6301B1F/console06/58601096[m

no changes added to commit (use "git add" and/or "git commit -a")
]0;~/Desktop/Ninefold-Path/Eightfold-Pathwliamlaptop:Eightfold-Path wliamlaptop$ [Kwliamlaptop:Eightfold-Path wliamlaptop$ git status
On branch master
Your branch is up to date with 'origin/master'.

Changes not staged for commit:
  (use "git add <file>..." to update what will be committed)
  (use "git checkout -- <file>..." to discard changes in working directory)

	[31mmodified:   .Rproj.user/D6301B1F/console06/58601096[m
	[31mmodified:   .Rproj.user/D6301B1F/console06/INDEX001[m
	[31mmodified:   .Rproj.user/D6301B1F/sources/prop/2D8F0894[m
	[31mmodified:   GBMtext[m

Untracked files:
  (use "git add <file>..." to include in what will be committed)

	[31m.Rproj.user/D6301B1F/sources/s-1E9C7719/600A87BB[m
	[31m.Rproj.user/D6301B1F/sources/s-1E9C7719/600A87BB-contents[m

no changes added to commit (use "git add" and/or "git commit -a")
]0;~/Desktop/Ninefold-Path/Eightfold-Pathwliamlaptop:Eightfold-Path wliamlaptop$ git add .
]0;~/Desktop/Ninefold-Path/Eightfold-Pathwliamlaptop:Eightfold-Path wliamlaptop$ git commit -m "m[Kchanged GBMtes[Kxt"
[master 72d0c47] changed GBMtext
 6 files changed, 102 insertions(+), 3 deletions(-)
 create mode 100644 .Rproj.user/D6301B1F/sources/s-1E9C7719/600A87BB
 create mode 100644 .Rproj.user/D6301B1F/sources/s-1E9C7719/600A87BB-contents
]0;~/Desktop/Ninefold-Path/Eightfold-Pathwliamlaptop:Eightfold-Path wliamlaptop$ git push
Counting objects: 13, done.
Delta compression using up to 8 threads.
Compressing objects:   7% (1/13)   Compressing objects:  15% (2/13)   Compressing objects:  23% (3/13)   Compressing objects:  30% (4/13)   Compressing objects:  38% (5/13)   Compressing objects:  46% (6/13)   Compressing objects:  53% (7/13)   Compressing objects:  61% (8/13)   Compressing objects:  69% (9/13)   Compressing objects:  76% (10/13)   Compressing objects:  84% (11/13)   Compressing objects:  92% (12/13)   Compressing objects: 100% (13/13)   Compressing objects: 100% (13/13), done.
Writing objects:   7% (1/13)   Writing objects:  15% (2/13)   Writing objects:  23% (3/13)   Writing objects:  30% (4/13)   Writing objects:  38% (5/13)   Writing objects:  46% (6/13)   Writing objects:  53% (7/13)   Writing objects:  61% (8/13)   Writing objects:  69% (9/13)   Writing objects:  76% (10/13)   Writing objects:  84% (11/13)   Writing objects:  92% (12/13)   Writing objects: 100% (13/13)   Writing objects: 100% (13/13), 2.07 KiB | 2.07 MiB/s, done.
Total 13 (delta 4), reused 0 (delta 0)
remote: Resolving deltas:   0% (0/4)   [Kremote: Resolving deltas:  25% (1/4)   [Kremote: Resolving deltas:  50% (2/4)   [Kremote: Resolving deltas:  75% (3/4)   [Kremote: Resolving deltas: 100% (4/4)   [Kremote: Resolving deltas: 100% (4/4), completed with 4 local objects.[K
To https://github.com/wliammd/Eightfold-Path.git
   8c026c7..72d0c47  master -> master
]0;~/Desktop/Ninefold-Path/Eightfold-Pathwliamlaptop:Eightfold-Path wliamlaptop$ git status
On branch master
Your branch is up to date with 'origin/master'.

Changes not staged for commit:
  (use "git add <file>..." to update what will be committed)
  (use "git checkout -- <file>..." to discard changes in working directory)

	[31mmodified:   .Rproj.user/D6301B1F/console06/58601096[m

no changes added to commit (use "git add" and/or "git commit -a")
]0;~/Desktop/Ninefold-Path/Eightfold-Path[?1034hwliamlaptop:Eightfold-Path wliamlaptop$ [Kwliamlaptop:Eightfold-Path wliamlaptop$ git status
On branch master
Your branch is up to date with 'origin/master'.

Changes not staged for commit:
  (use "git add/rm <file>..." to update what will be committed)
  (use "git checkout -- <file>..." to discard changes in working directory)

	[31mmodified:   .Rproj.user/D6301B1F/console06/58601096[m
	[31mmodified:   .Rproj.user/D6301B1F/console06/INDEX001[m
	[31mmodified:   .Rproj.user/D6301B1F/pcs/windowlayoutstate.pper[m
	[31mmodified:   .Rproj.user/D6301B1F/sources/prop/INDEX[m
	[31mdeleted:    .Rproj.user/D6301B1F/sources/s-1E9C7719/600A87BB[m
	[31mdeleted:    .Rproj.user/D6301B1F/sources/s-1E9C7719/600A87BB-contents[m
	[31mdeleted:    .Rproj.user/D6301B1F/sources/s-1E9C7719/lock_file[m

Untracked files:
  (use "git add <file>..." to include in what will be committed)

	[31m.Rproj.user/D6301B1F/sources/prop/1250F5EA[m
	[31m.Rproj.user/D6301B1F/sources/s-38356EA/[m

no changes added to commit (use "git add" and/or "git commit -a")
]0;~/Desktop/Ninefold-Path/Eightfold-Pathwliamlaptop:Eightfold-Path wliamlaptop$ git add .
]0;~/Desktop/Ninefold-Path/Eightfold-Pathwliamlaptop:Eightfold-Path wliamlaptop$ git commit -m "forward.html [K opened"
[master 86cc4c6] forward.html opened
 11 files changed, 100 insertions(+), 60 deletions(-)
 rewrite .Rproj.user/D6301B1F/console06/INDEX001 (100%)
 create mode 100644 .Rproj.user/D6301B1F/sources/prop/1250F5EA
 delete mode 100644 .Rproj.user/D6301B1F/sources/s-1E9C7719/600A87BB
 delete mode 100644 .Rproj.user/D6301B1F/sources/s-1E9C7719/600A87BB-contents
 create mode 100644 .Rproj.user/D6301B1F/sources/s-38356EA/9100E861
 create mode 100644 .Rproj.user/D6301B1F/sources/s-38356EA/9100E861-contents
 rename .Rproj.user/D6301B1F/sources/{s-1E9C7719 => s-38356EA}/lock_file (100%)
]0;~/Desktop/Ninefold-Path/Eightfold-Pathwliamlaptop:Eightfold-Path wliamlaptop$ git push
Counting objects: 16, done.
Delta compression using up to 8 threads.
Compressing objects:   6% (1/15)   Compressing objects:  13% (2/15)   Compressing objects:  20% (3/15)   Compressing objects:  26% (4/15)   Compressing objects:  33% (5/15)   Compressing objects:  40% (6/15)   Compressing objects:  46% (7/15)   Compressing objects:  53% (8/15)   Compressing objects:  60% (9/15)   Compressing objects:  66% (10/15)   Compressing objects:  73% (11/15)   Compressing objects:  80% (12/15)   Compressing objects:  86% (13/15)   Compressing objects:  93% (14/15)   Compressing objects: 100% (15/15)   Compressing objects: 100% (15/15), done.
Writing objects:   6% (1/16)   Writing objects:  12% (2/16)   Writing objects:  18% (3/16)   Writing objects:  25% (4/16)   Writing objects:  31% (5/16)   Writing objects:  37% (6/16)   Writing objects:  43% (7/16)   Writing objects:  50% (8/16)   Writing objects:  56% (9/16)   Writing objects:  62% (10/16)   Writing objects:  68% (11/16)   Writing objects:  75% (12/16)   Writing objects:  81% (13/16)   Writing objects:  87% (14/16)   Writing objects:  93% (15/16)   Writing objects: 100% (16/16)   Writing objects: 100% (16/16), 2.05 KiB | 65.00 KiB/s, done.
Total 16 (delta 7), reused 0 (delta 0)
remote: Resolving deltas:   0% (0/7)   [Kremote: Resolving deltas:  14% (1/7)   [Kremote: Resolving deltas:  28% (2/7)   [Kremote: Resolving deltas:  42% (3/7)   [Kremote: Resolving deltas:  57% (4/7)   [Kremote: Resolving deltas:  71% (5/7)   [Kremote: Resolving deltas:  85% (6/7)   [Kremote: Resolving deltas: 100% (7/7)   [Kremote: Resolving deltas: 100% (7/7), completed with 7 local objects.[K
To https://github.com/wliammd/Eightfold-Path.git
   72d0c47..86cc4c6  master -> master
]0;~/Desktop/Ninefold-Path/Eightfold-Pathwliamlaptop:Eightfold-Path wliamlaptop$ git status
On branch master
Your branch is up to date with 'origin/master'.

Changes not staged for commit:
  (use "git add <file>..." to update what will be committed)
  (use "git checkout -- <file>..." to discard changes in working directory)

	[31mmodified:   .Rproj.user/D6301B1F/console06/58601096[m

no changes added to commit (use "git add" and/or "git commit -a")
]0;~/Desktop/Ninefold-Path/Eightfold-Pathwliamlaptop:Eightfold-Path wliamlaptop$ git status
On branch master
Your branch is up to date with 'origin/master'.

Changes not staged for commit:
  (use "git add <file>..." to update what will be committed)
  (use "git checkout -- <file>..." to discard changes in working directory)

	[31mmodified:   .Rproj.user/D6301B1F/console06/58601096[m
	[31mmodified:   .Rproj.user/D6301B1F/sources/prop/1250F5EA[m
	[31mmodified:   .Rproj.user/D6301B1F/sources/s-38356EA/9100E861[m
	[31mmodified:   .Rproj.user/D6301B1F/sources/s-38356EA/9100E861-contents[m
	[31mmodified:   forward.html[m

no changes added to commit (use "git add" and/or "git commit -a")
]0;~/Desktop/Ninefold-Path/Eightfold-Pathwliamlaptop:Eightfold-Path wliamlaptop$ git add .
]0;~/Desktop/Ninefold-Path/Eightfold-Pathwliamlaptop:Eightfold-Path wliamlaptop$ git commit -m "m[Kplans for neurosurgon [A[C[C[C[C[C[C[C[C[C[C[C[C[C[C[C[C[C[C[C[C[C[C[C[C[C[C[C[C[C[C[C[C[C[C[C[C[C[C[C[C[C[C[C[C[C[C[C[C[C[C[C[C[C[C[C[C[C[C[C[C[C[C[C[C[C[C[C[C[C[C[C[C[C[C[C[K
[K[A[C[C[C[C[C[C[C[C[C[C[C[C[C[C[C[C[C[C[C[C[C[C[C[C[C[C[C[C[C[C[C[C[C[C[C[C[C[C[C[C[C[C[C[C[C[C[C[C[C[C[C[C[C[C[C[C[C[C[C[C[C[C[C[C[C[C[C[C[C[C[C[C[C[C[C[K[Keon [A[C[C[C[C[C[C[C[C[C[C[C[C[C[C[C[C[C[C[C[C[C[C[C[C[C[C[C[C[C[C[C[C[C[C[C[C[C[C[C[C[C[C[C[C[C[C[C[C[C[C[C[C[C[C[C[C[C[C[C[C[C[C[C[C[C[C[C[C[C[C[C[C[C[C[C[K
[K[A[C[C[C[C[C[C[C[C[C[C[C[C[C[C[C[C[C[C[C[C[C[C[C[C[C[C[C[C[C[C[C[C[C[C[C[C[C[C[C[C[C[C[C[C[C[C[C[C[C[C[C[C[C[C[C[C[C[C[C[C[C[C[C[C[C[C[C[C[C[C[C[C[C[C[C[K[Kgeo ns"
[master 7ca433b] plans for neurosurgeons
 5 files changed, 58 insertions(+), 4 deletions(-)
]0;~/Desktop/Ninefold-Path/Eightfold-Pathwliamlaptop:Eightfold-Path wliamlaptop$ git push
Counting objects: 12, done.
Delta compression using up to 8 threads.
Compressing objects:   8% (1/12)   Compressing objects:  16% (2/12)   Compressing objects:  25% (3/12)   Compressing objects:  33% (4/12)   Compressing objects:  41% (5/12)   Compressing objects:  50% (6/12)   Compressing objects:  58% (7/12)   Compressing objects:  66% (8/12)   Compressing objects:  75% (9/12)   Compressing objects:  83% (10/12)   Compressing objects:  91% (11/12)   Compressing objects: 100% (12/12)   Compressing objects: 100% (12/12), done.
Writing objects:   8% (1/12)   Writing objects:  16% (2/12)   Writing objects:  25% (3/12)   Writing objects:  33% (4/12)   Writing objects:  41% (5/12)   Writing objects:  50% (6/12)   Writing objects:  58% (7/12)   Writing objects:  66% (8/12)   Writing objects:  75% (9/12)   Writing objects:  83% (10/12)   Writing objects:  91% (11/12)   Writing objects: 100% (12/12)   Writing objects: 100% (12/12), 1.82 KiB | 931.00 KiB/s, done.
Total 12 (delta 5), reused 0 (delta 0)
remote: Resolving deltas:   0% (0/5)   [Kremote: Resolving deltas:  20% (1/5)   [Kremote: Resolving deltas:  40% (2/5)   [Kremote: Resolving deltas:  60% (3/5)   [Kremote: Resolving deltas:  80% (4/5)   [Kremote: Resolving deltas: 100% (5/5)   [Kremote: Resolving deltas: 100% (5/5), completed with 5 local objects.[K
To https://github.com/wliammd/Eightfold-Path.git
   86cc4c6..7ca433b  master -> master
]0;~/Desktop/Ninefold-Path/Eightfold-Pathwliamlaptop:Eightfold-Path wliamlaptop$ git status
On branch master
Your branch is up to date with 'origin/master'.

Changes not staged for commit:
  (use "git add <file>..." to update what will be committed)
  (use "git checkout -- <file>..." to discard changes in working directory)

	[31mmodified:   .Rproj.user/D6301B1F/console06/58601096[m

no changes added to commit (use "git add" and/or "git commit -a")
]0;~/Desktop/Ninefold-Path/Eightfold-Path[?1034hwliamlaptop:Eightfold-Path wliamlaptop$ [Kwliamlaptop:Eightfold-Path wliamlaptop$ git status
On branch master
Your branch is up to date with 'origin/master'.

Changes not staged for commit:
  (use "git add/rm <file>..." to update what will be committed)
  (use "git checkout -- <file>..." to discard changes in working directory)

	[31mmodified:   .Rproj.user/D6301B1F/console06/58601096[m
	[31mmodified:   .Rproj.user/D6301B1F/console06/INDEX001[m
	[31mmodified:   .Rproj.user/D6301B1F/pcs/windowlayoutstate.pper[m
	[31mmodified:   .Rproj.user/D6301B1F/sources/prop/2D8F0894[m
	[31mdeleted:    .Rproj.user/D6301B1F/sources/s-38356EA/9100E861[m
	[31mdeleted:    .Rproj.user/D6301B1F/sources/s-38356EA/9100E861-contents[m
	[31mdeleted:    .Rproj.user/D6301B1F/sources/s-38356EA/lock_file[m
	[31mmodified:   .Rproj.user/shared/notebooks/paths[m
	[31mmodified:   GBMtext[m

Untracked files:
  (use "git add <file>..." to include in what will be committed)

	[31m.Rproj.user/D6301B1F/sources/s-9D3F5962/[m

no changes added to commit (use "git add" and/or "git commit -a")
]0;~/Desktop/Ninefold-Path/Eightfold-Pathwliamlaptop:Eightfold-Path wliamlaptop$ git add .
]0;~/Desktop/Ninefold-Path/Eightfold-Pathwliamlaptop:Eightfold-Path wliamlaptop$ git commit -m "poke poke"
[master b4aa667] poke poke
 12 files changed, 116 insertions(+), 53 deletions(-)
 rewrite .Rproj.user/D6301B1F/console06/INDEX001 (86%)
 delete mode 100644 .Rproj.user/D6301B1F/sources/s-38356EA/9100E861
 delete mode 100644 .Rproj.user/D6301B1F/sources/s-38356EA/9100E861-contents
 create mode 100644 .Rproj.user/D6301B1F/sources/s-9D3F5962/D842578B
 create mode 100644 .Rproj.user/D6301B1F/sources/s-9D3F5962/D842578B-contents
 rename .Rproj.user/D6301B1F/sources/{s-38356EA => s-9D3F5962}/lock_file (100%)
]0;~/Desktop/Ninefold-Path/Eightfold-Pathwliamlaptop:Eightfold-Path wliamlaptop$ git push
Counting objects: 19, done.
Delta compression using up to 8 threads.
Compressing objects:   5% (1/18)   Compressing objects:  11% (2/18)   Compressing objects:  16% (3/18)   Compressing objects:  22% (4/18)   Compressing objects:  27% (5/18)   Compressing objects:  33% (6/18)   Compressing objects:  38% (7/18)   Compressing objects:  44% (8/18)   Compressing objects:  50% (9/18)   Compressing objects:  55% (10/18)   Compressing objects:  61% (11/18)   Compressing objects:  66% (12/18)   Compressing objects:  72% (13/18)   Compressing objects:  77% (14/18)   Compressing objects:  83% (15/18)   Compressing objects:  88% (16/18)   Compressing objects:  94% (17/18)   Compressing objects: 100% (18/18)   Compressing objects: 100% (18/18), done.
Writing objects:   5% (1/19)   Writing objects:  10% (2/19)   Writing objects:  15% (3/19)   Writing objects:  21% (4/19)   Writing objects:  26% (5/19)   Writing objects:  31% (6/19)   Writing objects:  36% (7/19)   Writing objects:  42% (8/19)   Writing objects:  47% (9/19)   Writing objects:  52% (10/19)   Writing objects:  57% (11/19)   Writing objects:  63% (12/19)   Writing objects:  68% (13/19)   Writing objects:  73% (14/19)   Writing objects:  78% (15/19)   Writing objects:  84% (16/19)   Writing objects:  89% (17/19)   Writing objects:  94% (18/19)   Writing objects: 100% (19/19)   Writing objects: 100% (19/19), 2.76 KiB | 64.00 KiB/s, done.
Total 19 (delta 7), reused 0 (delta 0)
remote: Resolving deltas:   0% (0/7)   [Kremote: Resolving deltas:  14% (1/7)   [Kremote: Resolving deltas:  28% (2/7)   [Kremote: Resolving deltas:  42% (3/7)   [Kremote: Resolving deltas:  57% (4/7)   [Kremote: Resolving deltas:  71% (5/7)   [Kremote: Resolving deltas:  85% (6/7)   [Kremote: Resolving deltas: 100% (7/7)   [Kremote: Resolving deltas: 100% (7/7), completed with 7 local objects.[K
To https://github.com/wliammd/Eightfold-Path.git
   7ca433b..b4aa667  master -> master
]0;~/Desktop/Ninefold-Path/Eightfold-Path[?1034hwliamlaptop:Eightfold-Path wliamlaptop$ [Kwliamlaptop:Eightfold-Path wliamlaptop$ git stats
git: 'stats' is not a git command. See 'git --help'.

The most similar command is
	status
]0;~/Desktop/Ninefold-Path/Eightfold-Pathwliamlaptop:Eightfold-Path wliamlaptop$ git status
On branch master
Your branch is up to date with 'origin/master'.

Changes not staged for commit:
  (use "git add <file>..." to update what will be committed)
  (use "git checkout -- <file>..." to discard changes in working directory)

	[31mmodified:   .Rproj.user/D6301B1F/console06/58601096[m
	[31mmodified:   .Rproj.user/D6301B1F/console06/INDEX001[m

Untracked files:
  (use "git add <file>..." to include in what will be committed)

	[31m.Rproj.user/D6301B1F/sources/s-577AFC31/[m

no changes added to commit (use "git add" and/or "git commit -a")
[Kwliamlaptop:Eightfold-Path wliamlaptop$ git statyus[K[K[Kus
On branch master
Your branch is up to date with 'origin/master'.

Changes not staged for commit:
  (use "git add <file>..." to update what will be committed)
  (use "git checkout -- <file>..." to discard changes in working directory)

	[31mmodified:   .Rproj.user/D6301B1F/console06/58601096[m
	[31mmodified:   .Rproj.user/D6301B1F/console06/INDEX001[m
	[31mmodified:   .Rproj.user/D6301B1F/sources/prop/INDEX[m
	[31mmodified:   GBMtext[m

Untracked files:
  (use "git add <file>..." to include in what will be committed)

	[31m.Rproj.user/D6301B1F/sources/prop/5D3112D7[m
	[31m.Rproj.user/D6301B1F/sources/s-1CDA4A8/[m

no changes added to commit (use "git add" and/or "git commit -a")
]0;~/Documents/R_Work/Ninefold-Path/Eightfold-Pathwliamlaptop:Eightfold-Path wliamlaptop$ git add .