]0;~/Desktop/Ninefold-Path/Eightfold-Path[?1034hwliamlaptop:Eightfold-Path wliamlaptop$ [Kwliamlaptop:Eightfold-Path wliamlaptop$ git statuys[K[Ks
On branch master
Your branch is up to date with 'origin/master'.

Changes not staged for commit:
  (use "git add <file>..." to update what will be committed)
  (use "git checkout -- <file>..." to discard changes in working directory)

	[31mmodified:   .Rproj.user/D6301B1F/console06/INDEX001[m

Untracked files:
  (use "git add <file>..." to include in what will be committed)

	[31m.Rproj.user/D6301B1F/console06/58601096[m
	[31m.Rproj.user/D6301B1F/sources/s-1E9C7719/[m

no changes added to commit (use "git add" and/or "git commit -a")
]0;~/Desktop/Ninefold-Path/Eightfold-Pathwliamlaptop:Eightfold-Path wliamlaptop$ git add.[K .
]0;~/Desktop/Ninefold-Path/Eightfold-Pathwliamlaptop:Eightfold-Path wliamlaptop$ git commit '[K-m "using Rproj"[K[K[K[K[K[K[K[K[Kng terminal in RSt udio to b[Ksva[K[Kave changes to po[Kroject"
[master 431cd00] using terminal in RStudio to save changes to project
 4 files changed, 98 insertions(+), 1 deletion(-)
 create mode 100644 .Rproj.user/D6301B1F/console06/58601096
 create mode 100644 .Rproj.user/D6301B1F/console06/58601096.env
 rewrite .Rproj.user/D6301B1F/console06/INDEX001 (100%)
 create mode 100644 .Rproj.user/D6301B1F/sources/s-1E9C7719/lock_file
]0;~/Desktop/Ninefold-Path/Eightfold-Pathwliamlaptop:Eightfold-Path wliamlaptop$ git push
Counting objects: 10, done.
Delta compression using up to 8 threads.
Compressing objects:  11% (1/9)   Compressing objects:  22% (2/9)   Compressing objects:  33% (3/9)   Compressing objects:  44% (4/9)   Compressing objects:  55% (5/9)   Compressing objects:  66% (6/9)   Compressing objects:  77% (7/9)   Compressing objects:  88% (8/9)   Compressing objects: 100% (9/9)   Compressing objects: 100% (9/9), done.
Writing objects:  10% (1/10)   Writing objects:  20% (2/10)   Writing objects:  30% (3/10)   Writing objects:  40% (4/10)   Writing objects:  50% (5/10)   Writing objects:  60% (6/10)   Writing objects:  70% (7/10)   Writing objects:  80% (8/10)   Writing objects:  90% (9/10)   Writing objects: 100% (10/10)   Writing objects: 100% (10/10), 2.66 KiB | 2.67 MiB/s, done.
Total 10 (delta 2), reused 0 (delta 0)
remote: Resolving deltas:   0% (0/2)   [Kremote: Resolving deltas:  50% (1/2)   [Kremote: Resolving deltas: 100% (2/2)   [Kremote: Resolving deltas: 100% (2/2), completed with 2 local objects.[K
To https://github.com/wliammd/Eightfold-Path.git
   8b0d06e..431cd00  master -> master
]0;~/Desktop/Ninefold-Path/Eightfold-Pathwliamlaptop:Eightfold-Path wliamlaptop$ git status
On branch master
Your branch is up to date with 'origin/master'.

Changes not staged for commit:
  (use "git add <file>..." to update what will be committed)
  (use "git checkout -- <file>..." to discard changes in working directory)

	[31mmodified:   .Rproj.user/D6301B1F/console06/58601096[m

no changes added to commit (use "git add" and/or "git commit -a")
]0;~/Desktop/Ninefold-Path/Eightfold-Pathwliamlaptop:Eightfold-Path wliamlaptop$ git add .