]0;~/Desktop/Ninefold-Path/Eightfold-Path[?1034hwliamlaptop:Eightfold-Path wliamlaptop$ [Kwliamlaptop:Eightfold-Path wliamlaptop$ git statuys[K[Ks
On branch master
Your branch is up to date with 'origin/master'.

Changes not staged for commit:
  (use "git add <file>..." to update what will be committed)
  (use "git checkout -- <file>..." to discard changes in working directory)

	[31mmodified:   .Rproj.user/D6301B1F/console06/INDEX001[m

Untracked files:
  (use "git add <file>..." to include in what will be committed)

	[31m.Rproj.user/D6301B1F/console06/58601096[m
	[31m.Rproj.user/D6301B1F/sources/s-1E9C7719/[m

no changes added to commit (use "git add" and/or "git commit -a")
]0;~/Desktop/Ninefold-Path/Eightfold-Pathwliamlaptop:Eightfold-Path wliamlaptop$ git add.[K .
]0;~/Desktop/Ninefold-Path/Eightfold-Pathwliamlaptop:Eightfold-Path wliamlaptop$ git commit '[K-m "using Rproj"[K[K[K[K[K[K[K[K[Kng terminal in RSt udio to b[Ksva[K[Kave changes to po[Kroject"
[master 431cd00] using terminal in RStudio to save changes to project
 4 files changed, 98 insertions(+), 1 deletion(-)
 create mode 100644 .Rproj.user/D6301B1F/console06/58601096
 create mode 100644 .Rproj.user/D6301B1F/console06/58601096.env
 rewrite .Rproj.user/D6301B1F/console06/INDEX001 (100%)
 create mode 100644 .Rproj.user/D6301B1F/sources/s-1E9C7719/lock_file
]0;~/Desktop/Ninefold-Path/Eightfold-Pathwliamlaptop:Eightfold-Path wliamlaptop$ git push
Counting objects: 10, done.
Delta compression using up to 8 threads.
Compressing objects:  11% (1/9)   Compressing objects:  22% (2/9)   Compressing objects:  33% (3/9)   Compressing objects:  44% (4/9)   Compressing objects:  55% (5/9)   Compressing objects:  66% (6/9)   Compressing objects:  77% (7/9)   Compressing objects:  88% (8/9)   Compressing objects: 100% (9/9)   Compressing objects: 100% (9/9), done.
Writing objects:  10% (1/10)   Writing objects:  20% (2/10)   Writing objects:  30% (3/10)   Writing objects:  40% (4/10)   Writing objects:  50% (5/10)   Writing objects:  60% (6/10)   Writing objects:  70% (7/10)   Writing objects:  80% (8/10)   Writing objects:  90% (9/10)   Writing objects: 100% (10/10)   Writing objects: 100% (10/10), 2.66 KiB | 2.67 MiB/s, done.
Total 10 (delta 2), reused 0 (delta 0)
remote: Resolving deltas:   0% (0/2)   [Kremote: Resolving deltas:  50% (1/2)   [Kremote: Resolving deltas: 100% (2/2)   [Kremote: Resolving deltas: 100% (2/2), completed with 2 local objects.[K
To https://github.com/wliammd/Eightfold-Path.git
   8b0d06e..431cd00  master -> master
]0;~/Desktop/Ninefold-Path/Eightfold-Pathwliamlaptop:Eightfold-Path wliamlaptop$ git status
On branch master
Your branch is up to date with 'origin/master'.

Changes not staged for commit:
  (use "git add <file>..." to update what will be committed)
  (use "git checkout -- <file>..." to discard changes in working directory)

	[31mmodified:   .Rproj.user/D6301B1F/console06/58601096[m

no changes added to commit (use "git add" and/or "git commit -a")
]0;~/Desktop/Ninefold-Path/Eightfold-Pathwliamlaptop:Eightfold-Path wliamlaptop$ git add .
]0;~/Desktop/Ninefold-Path/Eightfold-Pathwliamlaptop:Eightfold-Path wliamlaptop$ git commit -m "why the es[Kxtra mods?"
[master 8c026c7] why the extra mods?
 1 file changed, 29 insertions(+), 1 deletion(-)
]0;~/Desktop/Ninefold-Path/Eightfold-Pathwliamlaptop:Eightfold-Path wliamlaptop$ git push
Counting objects: 6, done.
Delta compression using up to 8 threads.
Compressing objects:  16% (1/6)   Compressing objects:  33% (2/6)   Compressing objects:  50% (3/6)   Compressing objects:  66% (4/6)   Compressing objects:  83% (5/6)   Compressing objects: 100% (6/6)   Compressing objects: 100% (6/6), done.
Writing objects:  16% (1/6)   Writing objects:  33% (2/6)   Writing objects:  50% (3/6)   Writing objects:  66% (4/6)   Writing objects:  83% (5/6)   Writing objects: 100% (6/6)   Writing objects: 100% (6/6), 1.39 KiB | 1.39 MiB/s, done.
Total 6 (delta 2), reused 0 (delta 0)
remote: Resolving deltas:   0% (0/2)   [Kremote: Resolving deltas:  50% (1/2)   [Kremote: Resolving deltas: 100% (2/2)   [Kremote: Resolving deltas: 100% (2/2), completed with 2 local objects.[K
To https://github.com/wliammd/Eightfold-Path.git
   431cd00..8c026c7  master -> master
]0;~/Desktop/Ninefold-Path/Eightfold-Pathwliamlaptop:Eightfold-Path wliamlaptop$ git status
On branch master
Your branch is up to date with 'origin/master'.

Changes not staged for commit:
  (use "git add <file>..." to update what will be committed)
  (use "git checkout -- <file>..." to discard changes in working directory)

	[31mmodified:   .Rproj.user/D6301B1F/console06/58601096[m

no changes added to commit (use "git add" and/or "git commit -a")
]0;~/Desktop/Ninefold-Path/Eightfold-Pathwliamlaptop:Eightfold-Path wliamlaptop$ [Kwliamlaptop:Eightfold-Path wliamlaptop$ git status
On branch master
Your branch is up to date with 'origin/master'.

Changes not staged for commit:
  (use "git add <file>..." to update what will be committed)
  (use "git checkout -- <file>..." to discard changes in working directory)

	[31mmodified:   .Rproj.user/D6301B1F/console06/58601096[m
	[31mmodified:   .Rproj.user/D6301B1F/console06/INDEX001[m
	[31mmodified:   .Rproj.user/D6301B1F/sources/prop/2D8F0894[m
	[31mmodified:   GBMtext[m

Untracked files:
  (use "git add <file>..." to include in what will be committed)

	[31m.Rproj.user/D6301B1F/sources/s-1E9C7719/600A87BB[m
	[31m.Rproj.user/D6301B1F/sources/s-1E9C7719/600A87BB-contents[m

no changes added to commit (use "git add" and/or "git commit -a")
]0;~/Desktop/Ninefold-Path/Eightfold-Pathwliamlaptop:Eightfold-Path wliamlaptop$ git add .
]0;~/Desktop/Ninefold-Path/Eightfold-Pathwliamlaptop:Eightfold-Path wliamlaptop$ git commit -m "m[Kchanged GBMtes[Kxt"
[master 72d0c47] changed GBMtext
 6 files changed, 102 insertions(+), 3 deletions(-)
 create mode 100644 .Rproj.user/D6301B1F/sources/s-1E9C7719/600A87BB
 create mode 100644 .Rproj.user/D6301B1F/sources/s-1E9C7719/600A87BB-contents
]0;~/Desktop/Ninefold-Path/Eightfold-Pathwliamlaptop:Eightfold-Path wliamlaptop$ git push
Counting objects: 13, done.
Delta compression using up to 8 threads.
Compressing objects:   7% (1/13)   Compressing objects:  15% (2/13)   Compressing objects:  23% (3/13)   Compressing objects:  30% (4/13)   Compressing objects:  38% (5/13)   Compressing objects:  46% (6/13)   Compressing objects:  53% (7/13)   Compressing objects:  61% (8/13)   Compressing objects:  69% (9/13)   Compressing objects:  76% (10/13)   Compressing objects:  84% (11/13)   Compressing objects:  92% (12/13)   Compressing objects: 100% (13/13)   Compressing objects: 100% (13/13), done.
Writing objects:   7% (1/13)   Writing objects:  15% (2/13)   Writing objects:  23% (3/13)   Writing objects:  30% (4/13)   Writing objects:  38% (5/13)   Writing objects:  46% (6/13)   Writing objects:  53% (7/13)   Writing objects:  61% (8/13)   Writing objects:  69% (9/13)   Writing objects:  76% (10/13)   Writing objects:  84% (11/13)   Writing objects:  92% (12/13)   Writing objects: 100% (13/13)   Writing objects: 100% (13/13), 2.07 KiB | 2.07 MiB/s, done.
Total 13 (delta 4), reused 0 (delta 0)
remote: Resolving deltas:   0% (0/4)   [Kremote: Resolving deltas:  25% (1/4)   [Kremote: Resolving deltas:  50% (2/4)   [Kremote: Resolving deltas:  75% (3/4)   [Kremote: Resolving deltas: 100% (4/4)   [Kremote: Resolving deltas: 100% (4/4), completed with 4 local objects.[K
To https://github.com/wliammd/Eightfold-Path.git
   8c026c7..72d0c47  master -> master
]0;~/Desktop/Ninefold-Path/Eightfold-Pathwliamlaptop:Eightfold-Path wliamlaptop$ git status
On branch master
Your branch is up to date with 'origin/master'.

Changes not staged for commit:
  (use "git add <file>..." to update what will be committed)
  (use "git checkout -- <file>..." to discard changes in working directory)

	[31mmodified:   .Rproj.user/D6301B1F/console06/58601096[m

no changes added to commit (use "git add" and/or "git commit -a")
]0;~/Desktop/Ninefold-Path/Eightfold-Path[?1034hwliamlaptop:Eightfold-Path wliamlaptop$ [Kwliamlaptop:Eightfold-Path wliamlaptop$ git status
On branch master
Your branch is up to date with 'origin/master'.

Changes not staged for commit:
  (use "git add/rm <file>..." to update what will be committed)
  (use "git checkout -- <file>..." to discard changes in working directory)

	[31mmodified:   .Rproj.user/D6301B1F/console06/58601096[m
	[31mmodified:   .Rproj.user/D6301B1F/console06/INDEX001[m
	[31mmodified:   .Rproj.user/D6301B1F/pcs/windowlayoutstate.pper[m
	[31mmodified:   .Rproj.user/D6301B1F/sources/prop/INDEX[m
	[31mdeleted:    .Rproj.user/D6301B1F/sources/s-1E9C7719/600A87BB[m
	[31mdeleted:    .Rproj.user/D6301B1F/sources/s-1E9C7719/600A87BB-contents[m
	[31mdeleted:    .Rproj.user/D6301B1F/sources/s-1E9C7719/lock_file[m

Untracked files:
  (use "git add <file>..." to include in what will be committed)

	[31m.Rproj.user/D6301B1F/sources/prop/1250F5EA[m
	[31m.Rproj.user/D6301B1F/sources/s-38356EA/[m

no changes added to commit (use "git add" and/or "git commit -a")
]0;~/Desktop/Ninefold-Path/Eightfold-Pathwliamlaptop:Eightfold-Path wliamlaptop$ git add .