]0;~/Desktop/Ninefold-Path/Eightfold-Path[?1034hwliamlaptop:Eightfold-Path wliamlaptop$ [Kwliamlaptop:Eightfold-Path wliamlaptop$ git statuys[K[Ks
On branch master
Your branch is up to date with 'origin/master'.

Changes not staged for commit:
  (use "git add <file>..." to update what will be committed)
  (use "git checkout -- <file>..." to discard changes in working directory)

	[31mmodified:   .Rproj.user/D6301B1F/console06/INDEX001[m

Untracked files:
  (use "git add <file>..." to include in what will be committed)

	[31m.Rproj.user/D6301B1F/console06/58601096[m
	[31m.Rproj.user/D6301B1F/sources/s-1E9C7719/[m

no changes added to commit (use "git add" and/or "git commit -a")
]0;~/Desktop/Ninefold-Path/Eightfold-Pathwliamlaptop:Eightfold-Path wliamlaptop$ git add.[K .
]0;~/Desktop/Ninefold-Path/Eightfold-Pathwliamlaptop:Eightfold-Path wliamlaptop$ git commit '[K-m "using Rproj"[K[K[K[K[K[K[K[K[Kng terminal in RSt udio to b[Ksva[K[Kave changes to po[Kroject"
[master 431cd00] using terminal in RStudio to save changes to project
 4 files changed, 98 insertions(+), 1 deletion(-)
 create mode 100644 .Rproj.user/D6301B1F/console06/58601096
 create mode 100644 .Rproj.user/D6301B1F/console06/58601096.env
 rewrite .Rproj.user/D6301B1F/console06/INDEX001 (100%)
 create mode 100644 .Rproj.user/D6301B1F/sources/s-1E9C7719/lock_file
]0;~/Desktop/Ninefold-Path/Eightfold-Pathwliamlaptop:Eightfold-Path wliamlaptop$ git push
Counting objects: 10, done.
Delta compression using up to 8 threads.
Compressing objects:  11% (1/9)   Compressing objects:  22% (2/9)   Compressing objects:  33% (3/9)   Compressing objects:  44% (4/9)   Compressing objects:  55% (5/9)   Compressing objects:  66% (6/9)   Compressing objects:  77% (7/9)   Compressing objects:  88% (8/9)   Compressing objects: 100% (9/9)   Compressing objects: 100% (9/9), done.
Writing objects:  10% (1/10)   Writing objects:  20% (2/10)   Writing objects:  30% (3/10)   Writing objects:  40% (4/10)   Writing objects:  50% (5/10)   Writing objects:  60% (6/10)   Writing objects:  70% (7/10)   Writing objects:  80% (8/10)   Writing objects:  90% (9/10)   Writing objects: 100% (10/10)   Writing objects: 100% (10/10), 2.66 KiB | 2.67 MiB/s, done.
Total 10 (delta 2), reused 0 (delta 0)
remote: Resolving deltas:   0% (0/2)   [Kremote: Resolving deltas:  50% (1/2)   [Kremote: Resolving deltas: 100% (2/2)   [Kremote: Resolving deltas: 100% (2/2), completed with 2 local objects.[K
To https://github.com/wliammd/Eightfold-Path.git
   8b0d06e..431cd00  master -> master
]0;~/Desktop/Ninefold-Path/Eightfold-Pathwliamlaptop:Eightfold-Path wliamlaptop$ git status
On branch master
Your branch is up to date with 'origin/master'.

Changes not staged for commit:
  (use "git add <file>..." to update what will be committed)
  (use "git checkout -- <file>..." to discard changes in working directory)

	[31mmodified:   .Rproj.user/D6301B1F/console06/58601096[m

no changes added to commit (use "git add" and/or "git commit -a")
]0;~/Desktop/Ninefold-Path/Eightfold-Pathwliamlaptop:Eightfold-Path wliamlaptop$ git add .
]0;~/Desktop/Ninefold-Path/Eightfold-Pathwliamlaptop:Eightfold-Path wliamlaptop$ git commit -m "why the es[Kxtra mods?"
[master 8c026c7] why the extra mods?
 1 file changed, 29 insertions(+), 1 deletion(-)
]0;~/Desktop/Ninefold-Path/Eightfold-Pathwliamlaptop:Eightfold-Path wliamlaptop$ git push
Counting objects: 6, done.
Delta compression using up to 8 threads.
Compressing objects:  16% (1/6)   Compressing objects:  33% (2/6)   Compressing objects:  50% (3/6)   Compressing objects:  66% (4/6)   Compressing objects:  83% (5/6)   Compressing objects: 100% (6/6)   Compressing objects: 100% (6/6), done.
Writing objects:  16% (1/6)   Writing objects:  33% (2/6)   Writing objects:  50% (3/6)   Writing objects:  66% (4/6)   Writing objects:  83% (5/6)   Writing objects: 100% (6/6)   Writing objects: 100% (6/6), 1.39 KiB | 1.39 MiB/s, done.
Total 6 (delta 2), reused 0 (delta 0)
remote: Resolving deltas:   0% (0/2)   [Kremote: Resolving deltas:  50% (1/2)   [Kremote: Resolving deltas: 100% (2/2)   [Kremote: Resolving deltas: 100% (2/2), completed with 2 local objects.[K
To https://github.com/wliammd/Eightfold-Path.git
   431cd00..8c026c7  master -> master
]0;~/Desktop/Ninefold-Path/Eightfold-Pathwliamlaptop:Eightfold-Path wliamlaptop$ git status
On branch master
Your branch is up to date with 'origin/master'.

Changes not staged for commit:
  (use "git add <file>..." to update what will be committed)
  (use "git checkout -- <file>..." to discard changes in working directory)

	[31mmodified:   .Rproj.user/D6301B1F/console06/58601096[m

no changes added to commit (use "git add" and/or "git commit -a")
]0;~/Desktop/Ninefold-Path/Eightfold-Pathwliamlaptop:Eightfold-Path wliamlaptop$ [Kwliamlaptop:Eightfold-Path wliamlaptop$ git status
On branch master
Your branch is up to date with 'origin/master'.

Changes not staged for commit:
  (use "git add <file>..." to update what will be committed)
  (use "git checkout -- <file>..." to discard changes in working directory)

	[31mmodified:   .Rproj.user/D6301B1F/console06/58601096[m
	[31mmodified:   .Rproj.user/D6301B1F/console06/INDEX001[m
	[31mmodified:   .Rproj.user/D6301B1F/sources/prop/2D8F0894[m
	[31mmodified:   GBMtext[m

Untracked files:
  (use "git add <file>..." to include in what will be committed)

	[31m.Rproj.user/D6301B1F/sources/s-1E9C7719/600A87BB[m
	[31m.Rproj.user/D6301B1F/sources/s-1E9C7719/600A87BB-contents[m

no changes added to commit (use "git add" and/or "git commit -a")
]0;~/Desktop/Ninefold-Path/Eightfold-Pathwliamlaptop:Eightfold-Path wliamlaptop$ git add .
]0;~/Desktop/Ninefold-Path/Eightfold-Pathwliamlaptop:Eightfold-Path wliamlaptop$ git commit -m "m[Kchanged GBMtes[Kxt"
[master 72d0c47] changed GBMtext
 6 files changed, 102 insertions(+), 3 deletions(-)
 create mode 100644 .Rproj.user/D6301B1F/sources/s-1E9C7719/600A87BB
 create mode 100644 .Rproj.user/D6301B1F/sources/s-1E9C7719/600A87BB-contents
]0;~/Desktop/Ninefold-Path/Eightfold-Pathwliamlaptop:Eightfold-Path wliamlaptop$ git push
Counting objects: 13, done.
Delta compression using up to 8 threads.
Compressing objects:   7% (1/13)   Compressing objects:  15% (2/13)   Compressing objects:  23% (3/13)   Compressing objects:  30% (4/13)   Compressing objects:  38% (5/13)   Compressing objects:  46% (6/13)   Compressing objects:  53% (7/13)   Compressing objects:  61% (8/13)   Compressing objects:  69% (9/13)   Compressing objects:  76% (10/13)   Compressing objects:  84% (11/13)   Compressing objects:  92% (12/13)   Compressing objects: 100% (13/13)   Compressing objects: 100% (13/13), done.
Writing objects:   7% (1/13)   Writing objects:  15% (2/13)   Writing objects:  23% (3/13)   Writing objects:  30% (4/13)   Writing objects:  38% (5/13)   Writing objects:  46% (6/13)   Writing objects:  53% (7/13)   Writing objects:  61% (8/13)   Writing objects:  69% (9/13)   Writing objects:  76% (10/13)   Writing objects:  84% (11/13)   Writing objects:  92% (12/13)   Writing objects: 100% (13/13)   Writing objects: 100% (13/13), 2.07 KiB | 2.07 MiB/s, done.
Total 13 (delta 4), reused 0 (delta 0)
remote: Resolving deltas:   0% (0/4)   [Kremote: Resolving deltas:  25% (1/4)   [Kremote: Resolving deltas:  50% (2/4)   [Kremote: Resolving deltas:  75% (3/4)   [Kremote: Resolving deltas: 100% (4/4)   [Kremote: Resolving deltas: 100% (4/4), completed with 4 local objects.[K
To https://github.com/wliammd/Eightfold-Path.git
   8c026c7..72d0c47  master -> master
]0;~/Desktop/Ninefold-Path/Eightfold-Pathwliamlaptop:Eightfold-Path wliamlaptop$ git status
On branch master
Your branch is up to date with 'origin/master'.

Changes not staged for commit:
  (use "git add <file>..." to update what will be committed)
  (use "git checkout -- <file>..." to discard changes in working directory)

	[31mmodified:   .Rproj.user/D6301B1F/console06/58601096[m

no changes added to commit (use "git add" and/or "git commit -a")
]0;~/Desktop/Ninefold-Path/Eightfold-Path[?1034hwliamlaptop:Eightfold-Path wliamlaptop$ [Kwliamlaptop:Eightfold-Path wliamlaptop$ git status
On branch master
Your branch is up to date with 'origin/master'.

Changes not staged for commit:
  (use "git add/rm <file>..." to update what will be committed)
  (use "git checkout -- <file>..." to discard changes in working directory)

	[31mmodified:   .Rproj.user/D6301B1F/console06/58601096[m
	[31mmodified:   .Rproj.user/D6301B1F/console06/INDEX001[m
	[31mmodified:   .Rproj.user/D6301B1F/pcs/windowlayoutstate.pper[m
	[31mmodified:   .Rproj.user/D6301B1F/sources/prop/INDEX[m
	[31mdeleted:    .Rproj.user/D6301B1F/sources/s-1E9C7719/600A87BB[m
	[31mdeleted:    .Rproj.user/D6301B1F/sources/s-1E9C7719/600A87BB-contents[m
	[31mdeleted:    .Rproj.user/D6301B1F/sources/s-1E9C7719/lock_file[m

Untracked files:
  (use "git add <file>..." to include in what will be committed)

	[31m.Rproj.user/D6301B1F/sources/prop/1250F5EA[m
	[31m.Rproj.user/D6301B1F/sources/s-38356EA/[m

no changes added to commit (use "git add" and/or "git commit -a")
]0;~/Desktop/Ninefold-Path/Eightfold-Pathwliamlaptop:Eightfold-Path wliamlaptop$ git add .
]0;~/Desktop/Ninefold-Path/Eightfold-Pathwliamlaptop:Eightfold-Path wliamlaptop$ git commit -m "forward.html [K opened"
[master 86cc4c6] forward.html opened
 11 files changed, 100 insertions(+), 60 deletions(-)
 rewrite .Rproj.user/D6301B1F/console06/INDEX001 (100%)
 create mode 100644 .Rproj.user/D6301B1F/sources/prop/1250F5EA
 delete mode 100644 .Rproj.user/D6301B1F/sources/s-1E9C7719/600A87BB
 delete mode 100644 .Rproj.user/D6301B1F/sources/s-1E9C7719/600A87BB-contents
 create mode 100644 .Rproj.user/D6301B1F/sources/s-38356EA/9100E861
 create mode 100644 .Rproj.user/D6301B1F/sources/s-38356EA/9100E861-contents
 rename .Rproj.user/D6301B1F/sources/{s-1E9C7719 => s-38356EA}/lock_file (100%)
]0;~/Desktop/Ninefold-Path/Eightfold-Pathwliamlaptop:Eightfold-Path wliamlaptop$ git push
Counting objects: 16, done.
Delta compression using up to 8 threads.
Compressing objects:   6% (1/15)   Compressing objects:  13% (2/15)   Compressing objects:  20% (3/15)   Compressing objects:  26% (4/15)   Compressing objects:  33% (5/15)   Compressing objects:  40% (6/15)   Compressing objects:  46% (7/15)   Compressing objects:  53% (8/15)   Compressing objects:  60% (9/15)   Compressing objects:  66% (10/15)   Compressing objects:  73% (11/15)   Compressing objects:  80% (12/15)   Compressing objects:  86% (13/15)   Compressing objects:  93% (14/15)   Compressing objects: 100% (15/15)   Compressing objects: 100% (15/15), done.
Writing objects:   6% (1/16)   Writing objects:  12% (2/16)   Writing objects:  18% (3/16)   Writing objects:  25% (4/16)   Writing objects:  31% (5/16)   Writing objects:  37% (6/16)   Writing objects:  43% (7/16)   Writing objects:  50% (8/16)   Writing objects:  56% (9/16)   Writing objects:  62% (10/16)   Writing objects:  68% (11/16)   Writing objects:  75% (12/16)   Writing objects:  81% (13/16)   Writing objects:  87% (14/16)   Writing objects:  93% (15/16)   Writing objects: 100% (16/16)   Writing objects: 100% (16/16), 2.05 KiB | 65.00 KiB/s, done.
Total 16 (delta 7), reused 0 (delta 0)
remote: Resolving deltas:   0% (0/7)   [Kremote: Resolving deltas:  14% (1/7)   [Kremote: Resolving deltas:  28% (2/7)   [Kremote: Resolving deltas:  42% (3/7)   [Kremote: Resolving deltas:  57% (4/7)   [Kremote: Resolving deltas:  71% (5/7)   [Kremote: Resolving deltas:  85% (6/7)   [Kremote: Resolving deltas: 100% (7/7)   [Kremote: Resolving deltas: 100% (7/7), completed with 7 local objects.[K
To https://github.com/wliammd/Eightfold-Path.git
   72d0c47..86cc4c6  master -> master
]0;~/Desktop/Ninefold-Path/Eightfold-Pathwliamlaptop:Eightfold-Path wliamlaptop$ git status
On branch master
Your branch is up to date with 'origin/master'.

Changes not staged for commit:
  (use "git add <file>..." to update what will be committed)
  (use "git checkout -- <file>..." to discard changes in working directory)

	[31mmodified:   .Rproj.user/D6301B1F/console06/58601096[m

no changes added to commit (use "git add" and/or "git commit -a")
]0;~/Desktop/Ninefold-Path/Eightfold-Pathwliamlaptop:Eightfold-Path wliamlaptop$ git status
On branch master
Your branch is up to date with 'origin/master'.

Changes not staged for commit:
  (use "git add <file>..." to update what will be committed)
  (use "git checkout -- <file>..." to discard changes in working directory)

	[31mmodified:   .Rproj.user/D6301B1F/console06/58601096[m
	[31mmodified:   .Rproj.user/D6301B1F/sources/prop/1250F5EA[m
	[31mmodified:   .Rproj.user/D6301B1F/sources/s-38356EA/9100E861[m
	[31mmodified:   .Rproj.user/D6301B1F/sources/s-38356EA/9100E861-contents[m
	[31mmodified:   forward.html[m

no changes added to commit (use "git add" and/or "git commit -a")
]0;~/Desktop/Ninefold-Path/Eightfold-Pathwliamlaptop:Eightfold-Path wliamlaptop$ git add .
]0;~/Desktop/Ninefold-Path/Eightfold-Pathwliamlaptop:Eightfold-Path wliamlaptop$ git commit -m "m[Kplans for neurosurgon [A[C[C[C[C[C[C[C[C[C[C[C[C[C[C[C[C[C[C[C[C[C[C[C[C[C[C[C[C[C[C[C[C[C[C[C[C[C[C[C[C[C[C[C[C[C[C[C[C[C[C[C[C[C[C[C[C[C[C[C[C[C[C[C[C[C[C[C[C[C[C[C[C[C[C[C[K
[K[A[C[C[C[C[C[C[C[C[C[C[C[C[C[C[C[C[C[C[C[C[C[C[C[C[C[C[C[C[C[C[C[C[C[C[C[C[C[C[C[C[C[C[C[C[C[C[C[C[C[C[C[C[C[C[C[C[C[C[C[C[C[C[C[C[C[C[C[C[C[C[C[C[C[C[C[K[Keon [A[C[C[C[C[C[C[C[C[C[C[C[C[C[C[C[C[C[C[C[C[C[C[C[C[C[C[C[C[C[C[C[C[C[C[C[C[C[C[C[C[C[C[C[C[C[C[C[C[C[C[C[C[C[C[C[C[C[C[C[C[C[C[C[C[C[C[C[C[C[C[C[C[C[C[C[K
[K[A[C[C[C[C[C[C[C[C[C[C[C[C[C[C[C[C[C[C[C[C[C[C[C[C[C[C[C[C[C[C[C[C[C[C[C[C[C[C[C[C[C[C[C[C[C[C[C[C[C[C[C[C[C[C[C[C[C[C[C[C[C[C[C[C[C[C[C[C[C[C[C[C[C[C[C[K[Kgeo ns"
[master 7ca433b] plans for neurosurgeons
 5 files changed, 58 insertions(+), 4 deletions(-)
]0;~/Desktop/Ninefold-Path/Eightfold-Pathwliamlaptop:Eightfold-Path wliamlaptop$ git push
Counting objects: 12, done.
Delta compression using up to 8 threads.
Compressing objects:   8% (1/12)   Compressing objects:  16% (2/12)   Compressing objects:  25% (3/12)   Compressing objects:  33% (4/12)   Compressing objects:  41% (5/12)   Compressing objects:  50% (6/12)   Compressing objects:  58% (7/12)   Compressing objects:  66% (8/12)   Compressing objects:  75% (9/12)   Compressing objects:  83% (10/12)   Compressing objects:  91% (11/12)   Compressing objects: 100% (12/12)   Compressing objects: 100% (12/12), done.
Writing objects:   8% (1/12)   Writing objects:  16% (2/12)   Writing objects:  25% (3/12)   Writing objects:  33% (4/12)   Writing objects:  41% (5/12)   Writing objects:  50% (6/12)   Writing objects:  58% (7/12)   Writing objects:  66% (8/12)   Writing objects:  75% (9/12)   Writing objects:  83% (10/12)   Writing objects:  91% (11/12)   Writing objects: 100% (12/12)   Writing objects: 100% (12/12), 1.82 KiB | 931.00 KiB/s, done.
Total 12 (delta 5), reused 0 (delta 0)
remote: Resolving deltas:   0% (0/5)   [Kremote: Resolving deltas:  20% (1/5)   [Kremote: Resolving deltas:  40% (2/5)   [Kremote: Resolving deltas:  60% (3/5)   [Kremote: Resolving deltas:  80% (4/5)   [Kremote: Resolving deltas: 100% (5/5)   [Kremote: Resolving deltas: 100% (5/5), completed with 5 local objects.[K
To https://github.com/wliammd/Eightfold-Path.git
   86cc4c6..7ca433b  master -> master
]0;~/Desktop/Ninefold-Path/Eightfold-Pathwliamlaptop:Eightfold-Path wliamlaptop$ git status
On branch master
Your branch is up to date with 'origin/master'.

Changes not staged for commit:
  (use "git add <file>..." to update what will be committed)
  (use "git checkout -- <file>..." to discard changes in working directory)

	[31mmodified:   .Rproj.user/D6301B1F/console06/58601096[m

no changes added to commit (use "git add" and/or "git commit -a")
]0;~/Desktop/Ninefold-Path/Eightfold-Path[?1034hwliamlaptop:Eightfold-Path wliamlaptop$ [Kwliamlaptop:Eightfold-Path wliamlaptop$ git status
On branch master
Your branch is up to date with 'origin/master'.

Changes not staged for commit:
  (use "git add/rm <file>..." to update what will be committed)
  (use "git checkout -- <file>..." to discard changes in working directory)

	[31mmodified:   .Rproj.user/D6301B1F/console06/58601096[m
	[31mmodified:   .Rproj.user/D6301B1F/console06/INDEX001[m
	[31mmodified:   .Rproj.user/D6301B1F/pcs/windowlayoutstate.pper[m
	[31mmodified:   .Rproj.user/D6301B1F/sources/prop/2D8F0894[m
	[31mdeleted:    .Rproj.user/D6301B1F/sources/s-38356EA/9100E861[m
	[31mdeleted:    .Rproj.user/D6301B1F/sources/s-38356EA/9100E861-contents[m
	[31mdeleted:    .Rproj.user/D6301B1F/sources/s-38356EA/lock_file[m
	[31mmodified:   .Rproj.user/shared/notebooks/paths[m
	[31mmodified:   GBMtext[m

Untracked files:
  (use "git add <file>..." to include in what will be committed)

	[31m.Rproj.user/D6301B1F/sources/s-9D3F5962/[m

no changes added to commit (use "git add" and/or "git commit -a")
]0;~/Desktop/Ninefold-Path/Eightfold-Pathwliamlaptop:Eightfold-Path wliamlaptop$ git add .
]0;~/Desktop/Ninefold-Path/Eightfold-Pathwliamlaptop:Eightfold-Path wliamlaptop$ git commit -m "poke poke"
[master b4aa667] poke poke
 12 files changed, 116 insertions(+), 53 deletions(-)
 rewrite .Rproj.user/D6301B1F/console06/INDEX001 (86%)
 delete mode 100644 .Rproj.user/D6301B1F/sources/s-38356EA/9100E861
 delete mode 100644 .Rproj.user/D6301B1F/sources/s-38356EA/9100E861-contents
 create mode 100644 .Rproj.user/D6301B1F/sources/s-9D3F5962/D842578B
 create mode 100644 .Rproj.user/D6301B1F/sources/s-9D3F5962/D842578B-contents
 rename .Rproj.user/D6301B1F/sources/{s-38356EA => s-9D3F5962}/lock_file (100%)
]0;~/Desktop/Ninefold-Path/Eightfold-Pathwliamlaptop:Eightfold-Path wliamlaptop$ git push
Counting objects: 19, done.
Delta compression using up to 8 threads.
Compressing objects:   5% (1/18)   Compressing objects:  11% (2/18)   Compressing objects:  16% (3/18)   Compressing objects:  22% (4/18)   Compressing objects:  27% (5/18)   Compressing objects:  33% (6/18)   Compressing objects:  38% (7/18)   Compressing objects:  44% (8/18)   Compressing objects:  50% (9/18)   Compressing objects:  55% (10/18)   Compressing objects:  61% (11/18)   Compressing objects:  66% (12/18)   Compressing objects:  72% (13/18)   Compressing objects:  77% (14/18)   Compressing objects:  83% (15/18)   Compressing objects:  88% (16/18)   Compressing objects:  94% (17/18)   Compressing objects: 100% (18/18)   Compressing objects: 100% (18/18), done.
Writing objects:   5% (1/19)   Writing objects:  10% (2/19)   Writing objects:  15% (3/19)   Writing objects:  21% (4/19)   Writing objects:  26% (5/19)   Writing objects:  31% (6/19)   Writing objects:  36% (7/19)   Writing objects:  42% (8/19)   Writing objects:  47% (9/19)   Writing objects:  52% (10/19)   Writing objects:  57% (11/19)   Writing objects:  63% (12/19)   Writing objects:  68% (13/19)   Writing objects:  73% (14/19)   Writing objects:  78% (15/19)   Writing objects:  84% (16/19)   Writing objects:  89% (17/19)   Writing objects:  94% (18/19)   Writing objects: 100% (19/19)   Writing objects: 100% (19/19), 2.76 KiB | 64.00 KiB/s, done.
Total 19 (delta 7), reused 0 (delta 0)
remote: Resolving deltas:   0% (0/7)   [Kremote: Resolving deltas:  14% (1/7)   [Kremote: Resolving deltas:  28% (2/7)   [Kremote: Resolving deltas:  42% (3/7)   [Kremote: Resolving deltas:  57% (4/7)   [Kremote: Resolving deltas:  71% (5/7)   [Kremote: Resolving deltas:  85% (6/7)   [Kremote: Resolving deltas: 100% (7/7)   [Kremote: Resolving deltas: 100% (7/7), completed with 7 local objects.[K
To https://github.com/wliammd/Eightfold-Path.git
   7ca433b..b4aa667  master -> master
]0;~/Desktop/Ninefold-Path/Eightfold-Path[?1034hwliamlaptop:Eightfold-Path wliamlaptop$ [Kwliamlaptop:Eightfold-Path wliamlaptop$ git stats
git: 'stats' is not a git command. See 'git --help'.

The most similar command is
	status
]0;~/Desktop/Ninefold-Path/Eightfold-Pathwliamlaptop:Eightfold-Path wliamlaptop$ git status
On branch master
Your branch is up to date with 'origin/master'.

Changes not staged for commit:
  (use "git add <file>..." to update what will be committed)
  (use "git checkout -- <file>..." to discard changes in working directory)

	[31mmodified:   .Rproj.user/D6301B1F/console06/58601096[m
	[31mmodified:   .Rproj.user/D6301B1F/console06/INDEX001[m

Untracked files:
  (use "git add <file>..." to include in what will be committed)

	[31m.Rproj.user/D6301B1F/sources/s-577AFC31/[m

no changes added to commit (use "git add" and/or "git commit -a")
[Kwliamlaptop:Eightfold-Path wliamlaptop$ git statyus[K[K[Kus
On branch master
Your branch is up to date with 'origin/master'.

Changes not staged for commit:
  (use "git add <file>..." to update what will be committed)
  (use "git checkout -- <file>..." to discard changes in working directory)

	[31mmodified:   .Rproj.user/D6301B1F/console06/58601096[m
	[31mmodified:   .Rproj.user/D6301B1F/console06/INDEX001[m
	[31mmodified:   .Rproj.user/D6301B1F/sources/prop/INDEX[m
	[31mmodified:   GBMtext[m

Untracked files:
  (use "git add <file>..." to include in what will be committed)

	[31m.Rproj.user/D6301B1F/sources/prop/5D3112D7[m
	[31m.Rproj.user/D6301B1F/sources/s-1CDA4A8/[m

no changes added to commit (use "git add" and/or "git commit -a")
]0;~/Documents/R_Work/Ninefold-Path/Eightfold-Pathwliamlaptop:Eightfold-Path wliamlaptop$ git add .
]0;~/Documents/R_Work/Ninefold-Path/Eightfold-Pathwliamlaptop:Eightfold-Path wliamlaptop$ git commit '[K-m "directory location chab ges[K[K[K[A[C[C[C[C[C[C[C[C[C[C[C[C[C[C[C[C[C[C[C[C[C[C[C[C[C[C[C[C[C[C[C[C[C[C[C[C[C[C[C[C[C[C[C[C[C[C[C[C[C[C[C[C[C[C[C[C[C[C[C[C[C[C[C[C[C[C[C[C[C[C[C[C[C[C[C[C[C[K
[K[A[C[C[C[C[C[C[C[C[C[C[C[C[C[C[C[C[C[C[C[C[C[C[C[C[C[C[C[C[C[C[C[C[C[C[C[C[C[C[C[C[C[C[C[C[C[C[C[C[C[C[C[C[C[C[C[C[C[C[C[C[C[C[C[C[C[C[C[C[C[C[C[C[C[C[C[C[C[Kan ges[Kd."
[master f43a9c5] directory location changed.
 9 files changed, 89 insertions(+), 5 deletions(-)
 rewrite .Rproj.user/D6301B1F/console06/INDEX001 (86%)
 create mode 100644 .Rproj.user/D6301B1F/sources/prop/5D3112D7
 create mode 100644 .Rproj.user/D6301B1F/sources/s-1CDA4A8/B0E2DF9
 create mode 100644 .Rproj.user/D6301B1F/sources/s-1CDA4A8/B0E2DF9-contents
 create mode 100644 .Rproj.user/D6301B1F/sources/s-1CDA4A8/lock_file
]0;~/Documents/R_Work/Ninefold-Path/Eightfold-Pathwliamlaptop:Eightfold-Path wliamlaptop$ git push
Counting objects: 15, done.
Delta compression using up to 8 threads.
Compressing objects:   6% (1/15)   Compressing objects:  13% (2/15)   Compressing objects:  20% (3/15)   Compressing objects:  26% (4/15)   Compressing objects:  33% (5/15)   Compressing objects:  40% (6/15)   Compressing objects:  46% (7/15)   Compressing objects:  53% (8/15)   Compressing objects:  60% (9/15)   Compressing objects:  66% (10/15)   Compressing objects:  73% (11/15)   Compressing objects:  80% (12/15)   Compressing objects:  86% (13/15)   Compressing objects:  93% (14/15)   Compressing objects: 100% (15/15)   Compressing objects: 100% (15/15), done.
Writing objects:   6% (1/15)   Writing objects:  13% (2/15)   Writing objects:  20% (3/15)   Writing objects:  26% (4/15)   Writing objects:  33% (5/15)   Writing objects:  40% (6/15)   Writing objects:  46% (7/15)   Writing objects:  53% (8/15)   Writing objects:  60% (9/15)   Writing objects:  66% (10/15)   Writing objects:  73% (11/15)   Writing objects:  80% (12/15)   Writing objects:  86% (13/15)   Writing objects:  93% (14/15)   Writing objects: 100% (15/15)   Writing objects: 100% (15/15), 2.14 KiB | 273.00 KiB/s, done.
Total 15 (delta 7), reused 0 (delta 0)
remote: Resolving deltas:   0% (0/7)   [Kremote: Resolving deltas:  14% (1/7)   [Kremote: Resolving deltas:  28% (2/7)   [Kremote: Resolving deltas:  42% (3/7)   [Kremote: Resolving deltas:  57% (4/7)   [Kremote: Resolving deltas:  71% (5/7)   [Kremote: Resolving deltas:  85% (6/7)   [Kremote: Resolving deltas: 100% (7/7)   [Kremote: Resolving deltas: 100% (7/7), completed with 7 local objects.[K
To https://github.com/wliammd/Eightfold-Path.git
   aa7f07f..f43a9c5  master -> master
[Kwliamlaptop:Eightfold-Path wliamlaptop$ git stas[Ktus
On branch master
Your branch is up to date with 'origin/master'.

Changes not staged for commit:
  (use "git add <file>..." to update what will be committed)
  (use "git checkout -- <file>..." to discard changes in working directory)

	[31mmodified:   .Rproj.user/D6301B1F/console06/58601096[m
	[31mmodified:   .Rproj.user/D6301B1F/console06/INDEX001[m
	[31mmodified:   .Rproj.user/D6301B1F/sources/prop/5D3112D7[m
	[31mmodified:   GBMtext[m

Untracked files:
  (use "git add <file>..." to include in what will be committed)

	[31m.Rproj.user/D6301B1F/sources/s-B9B772D0/[m

no changes added to commit (use "git add" and/or "git commit -a")
]0;~/Documents/R_Work/Ninefold-Path/Eightfold-Pathwliamlaptop:Eightfold-Path wliamlaptop$ git add .
]0;~/Documents/R_Work/Ninefold-Path/Eightfold-Pathwliamlaptop:Eightfold-Path wliamlaptop$ git commit -m "gonna s[K[K[K[K[K[K[Kstarting R Ma[K[K[Kmarkdown ne st[K[Kxt"
[master 3f29e7b] starting Rmarkdown next
 7 files changed, 84 insertions(+), 4 deletions(-)
 rewrite .Rproj.user/D6301B1F/console06/INDEX001 (86%)
 create mode 100644 .Rproj.user/D6301B1F/sources/s-B9B772D0/82245FC5
 create mode 100644 .Rproj.user/D6301B1F/sources/s-B9B772D0/82245FC5-contents
 create mode 100644 .Rproj.user/D6301B1F/sources/s-B9B772D0/lock_file
]0;~/Documents/R_Work/Ninefold-Path/Eightfold-Pathwliamlaptop:Eightfold-Path wliamlaptop$ git push
Counting objects: 13, done.
Delta compression using up to 8 threads.
Compressing objects:   7% (1/13)   Compressing objects:  15% (2/13)   Compressing objects:  23% (3/13)   Compressing objects:  30% (4/13)   Compressing objects:  38% (5/13)   Compressing objects:  46% (6/13)   Compressing objects:  53% (7/13)   Compressing objects:  61% (8/13)   Compressing objects:  69% (9/13)   Compressing objects:  76% (10/13)   Compressing objects:  84% (11/13)   Compressing objects:  92% (12/13)   Compressing objects: 100% (13/13)   Compressing objects: 100% (13/13), done.
Writing objects:   7% (1/13)   Writing objects:  15% (2/13)   Writing objects:  23% (3/13)   Writing objects:  30% (4/13)   Writing objects:  38% (5/13)   Writing objects:  46% (6/13)   Writing objects:  53% (7/13)   Writing objects:  61% (8/13)   Writing objects:  69% (9/13)   Writing objects:  76% (10/13)   Writing objects:  84% (11/13)   Writing objects:  92% (12/13)   Writing objects: 100% (13/13)   Writing objects: 100% (13/13), 1.92 KiB | 1.92 MiB/s, done.
Total 13 (delta 5), reused 0 (delta 0)
remote: Resolving deltas:   0% (0/5)   [Kremote: Resolving deltas:  20% (1/5)   [Kremote: Resolving deltas:  40% (2/5)   [Kremote: Resolving deltas:  60% (3/5)   [Kremote: Resolving deltas:  80% (4/5)   [Kremote: Resolving deltas: 100% (5/5)   [Kremote: Resolving deltas: 100% (5/5), completed with 5 local objects.[K
To https://github.com/wliammd/Eightfold-Path.git
   b8b5b46..3f29e7b  master -> master
[Kwliamlaptop:Eightfold-Path wliamlaptop$ git status
On branch master
Your branch is up to date with 'origin/master'.

Changes not staged for commit:
  (use "git add/rm <file>..." to update what will be committed)
  (use "git checkout -- <file>..." to discard changes in working directory)

	[31mmodified:   .Rproj.user/D6301B1F/console06/58601096[m
	[31mmodified:   .Rproj.user/D6301B1F/console06/INDEX001[m
	[31mmodified:   .Rproj.user/D6301B1F/sources/prop/A8ED6DE2[m
	[31mdeleted:    .Rproj.user/shared/notebooks/EBBE1C49-eighfoldMusingsRmd/1/s/chunks.json[m
	[31mmodified:   eighfoldMusings.Rmd[m

Untracked files:
  (use "git add <file>..." to include in what will be committed)

	[31m.Rproj.user/D6301B1F/sources/s-B2E5955/[m
	[31m.Rproj.user/shared/notebooks/312DF253-eighfoldMusings/[m

no changes added to commit (use "git add" and/or "git commit -a")
]0;~/Documents/R_Work/Ninefold-Path/Eightfold-Pathwliamlaptop:Eightfold-Path wliamlaptop$ git add .
]0;~/Documents/R_Work/Ninefold-Path/Eightfold-Pathwliamlaptop:Eightfold-Path wliamlaptop$ git commit -m "speffc[K[K[Kllcheck is easy
> "
[master 7ba4a66] spellcheck is easy
 10 files changed, 81 insertions(+), 3 deletions(-)
 rewrite .Rproj.user/D6301B1F/console06/INDEX001 (87%)
 create mode 100644 .Rproj.user/D6301B1F/sources/s-B2E5955/A82ADD49
 create mode 100644 .Rproj.user/D6301B1F/sources/s-B2E5955/A82ADD49-contents
 create mode 100644 .Rproj.user/D6301B1F/sources/s-B2E5955/lock_file
 create mode 100644 .Rproj.user/shared/notebooks/312DF253-eighfoldMusings/1/D6301B1FB2E5955/chunks.json
 create mode 100644 .Rproj.user/shared/notebooks/312DF253-eighfoldMusings/1/s/chunks.json
 delete mode 100644 .Rproj.user/shared/notebooks/EBBE1C49-eighfoldMusingsRmd/1/s/chunks.json
]0;~/Documents/R_Work/Ninefold-Path/Eightfold-Pathwliamlaptop:Eightfold-Path wliamlaptop$ git push
Counting objects: 19, done.
Delta compression using up to 8 threads.
Compressing objects:   6% (1/16)   Compressing objects:  12% (2/16)   Compressing objects:  18% (3/16)   Compressing objects:  25% (4/16)   Compressing objects:  31% (5/16)   Compressing objects:  37% (6/16)   Compressing objects:  43% (7/16)   Compressing objects:  50% (8/16)   Compressing objects:  56% (9/16)   Compressing objects:  62% (10/16)   Compressing objects:  68% (11/16)   Compressing objects:  75% (12/16)   Compressing objects:  81% (13/16)   Compressing objects:  87% (14/16)   Compressing objects:  93% (15/16)   Compressing objects: 100% (16/16)   Compressing objects: 100% (16/16), done.
Writing objects:   5% (1/19)   Writing objects:  10% (2/19)   Writing objects:  15% (3/19)   Writing objects:  21% (4/19)   Writing objects:  26% (5/19)   Writing objects:  31% (6/19)   Writing objects:  36% (7/19)   Writing objects:  42% (8/19)   Writing objects:  47% (9/19)   Writing objects:  52% (10/19)   Writing objects:  57% (11/19)   Writing objects:  63% (12/19)   Writing objects:  68% (13/19)   Writing objects:  73% (14/19)   Writing objects:  78% (15/19)   Writing objects:  84% (16/19)   Writing objects:  89% (17/19)   Writing objects:  94% (18/19)   Writing objects: 100% (19/19)   Writing objects: 100% (19/19), 2.24 KiB | 381.00 KiB/s, done.
Total 19 (delta 5), reused 0 (delta 0)
remote: Resolving deltas:   0% (0/5)   [Kremote: Resolving deltas:  20% (1/5)   [Kremote: Resolving deltas:  40% (2/5)   [Kremote: Resolving deltas:  60% (3/5)   [Kremote: Resolving deltas:  80% (4/5)   [Kremote: Resolving deltas: 100% (5/5)   [Kremote: Resolving deltas: 100% (5/5), completed with 5 local objects.[K
To https://github.com/wliammd/Eightfold-Path.git
   0fc2237..7ba4a66  master -> master
]0;~/Documents/R_Work/Ninefold-Path/Eightfold-Pathwliamlaptop:Eightfold-Path wliamlaptop$ go[Kit status
On branch master
Your branch is up to date with 'origin/master'.

Changes not staged for commit:
  (use "git add <file>..." to update what will be committed)
  (use "git checkout -- <file>..." to discard changes in working directory)

	[31mmodified:   .Rproj.user/D6301B1F/console06/58601096[m
	[31mmodified:   .Rproj.user/D6301B1F/console06/58601096.env[m

no changes added to commit (use "git add" and/or "git commit -a")
[Kwliamlaptop:Eightfold-Path wliamlaptop$ git status
On branch master
Your branch is up to date with 'origin/master'.

Changes not staged for commit:
  (use "git add <file>..." to update what will be committed)
  (use "git checkout -- <file>..." to discard changes in working directory)

	[31mmodified:   .Rproj.user/D6301B1F/console06/58601096[m
	[31mmodified:   .Rproj.user/D6301B1F/console06/INDEX001[m
	[31mmodified:   .Rproj.user/D6301B1F/pcs/windowlayoutstate.pper[m
	[31mmodified:   .Rproj.user/D6301B1F/sources/prop/A8ED6DE2[m
	[31mmodified:   .Rproj.user/shared/notebooks/312DF253-eighfoldMusings/1/s/chunks.json[m
	[31mmodified:   eighfoldMusings.Rmd[m
	[31mmodified:   eighfoldMusings.html[m

Untracked files:
  (use "git add <file>..." to include in what will be committed)

	[31m.Rproj.user/D6301B1F/sources/s-E8FE7D52/[m
	[31m.Rproj.user/shared/notebooks/312DF253-eighfoldMusings/1/D6301B1FE8FE7D52/[m

no changes added to commit (use "git add" and/or "git commit -a")
]0;~/Documents/R_Work/Ninefold-Path/Eightfold-Pathwliamlaptop:Eightfold-Path wliamlaptop$ git add .
]0;~/Documents/R_Work/Ninefold-Path/Eightfold-Pathwliamlaptop:Eightfold-Path wliamlaptop$ git commit -m"[K "addedd[K ggplot with muffled messages, warning"
[master 5c0b881] added ggplot with muffled messages, warning
 13 files changed, 162 insertions(+), 10 deletions(-)
 rewrite .Rproj.user/D6301B1F/console06/INDEX001 (87%)
 create mode 100644 .Rproj.user/D6301B1F/sources/s-E8FE7D52/70A3848E
 create mode 100644 .Rproj.user/D6301B1F/sources/s-E8FE7D52/70A3848E-contents
 create mode 100644 .Rproj.user/D6301B1F/sources/s-E8FE7D52/F14B2368
 create mode 100644 .Rproj.user/D6301B1F/sources/s-E8FE7D52/F14B2368-contents
 create mode 100644 .Rproj.user/D6301B1F/sources/s-E8FE7D52/lock_file
 create mode 100644 .Rproj.user/shared/notebooks/312DF253-eighfoldMusings/1/D6301B1FE8FE7D52/chunks.json
]0;~/Documents/R_Work/Ninefold-Path/Eightfold-Pathwliamlaptop:Eightfold-Path wliamlaptop$ git push
Counting objects: 23, done.
Delta compression using up to 8 threads.
Compressing objects:   5% (1/20)   Compressing objects:  10% (2/20)   Compressing objects:  15% (3/20)   Compressing objects:  20% (4/20)   Compressing objects:  25% (5/20)   Compressing objects:  30% (6/20)   Compressing objects:  35% (7/20)   Compressing objects:  40% (8/20)   Compressing objects:  45% (9/20)   Compressing objects:  50% (10/20)   Compressing objects:  55% (11/20)   Compressing objects:  60% (12/20)   Compressing objects:  65% (13/20)   Compressing objects:  70% (14/20)   Compressing objects:  75% (15/20)   Compressing objects:  80% (16/20)   Compressing objects:  85% (17/20)   Compressing objects:  90% (18/20)   Compressing objects:  95% (19/20)   Compressing objects: 100% (20/20)   Compressing objects: 100% (20/20), done.
Writing objects:   4% (1/23)   Writing objects:   8% (2/23)   Writing objects:  13% (3/23)   Writing objects:  17% (4/23)   Writing objects:  21% (5/23)   Writing objects:  26% (6/23)   Writing objects:  30% (7/23)   Writing objects:  34% (8/23)   Writing objects:  39% (9/23)   Writing objects:  43% (10/23)   Writing objects:  47% (11/23)   Writing objects:  52% (12/23)   Writing objects:  56% (13/23)   Writing objects:  60% (14/23)   Writing objects:  65% (15/23)   Writing objects:  69% (16/23)   Writing objects:  73% (17/23)   Writing objects:  78% (18/23)   Writing objects:  82% (19/23)   Writing objects:  86% (20/23)   Writing objects:  91% (21/23)   Writing objects:  95% (22/23)   Writing objects: 100% (23/23)   Writing objects: 100% (23/23), 89.77 KiB | 1.63 MiB/s, done.
Total 23 (delta 9), reused 0 (delta 0)
remote: Resolving deltas:   0% (0/9)   [Kremote: Resolving deltas:  11% (1/9)   [Kremote: Resolving deltas:  22% (2/9)   [Kremote: Resolving deltas:  33% (3/9)   [Kremote: Resolving deltas:  44% (4/9)   [Kremote: Resolving deltas:  55% (5/9)   [Kremote: Resolving deltas:  66% (6/9)   [Kremote: Resolving deltas:  77% (7/9)   [Kremote: Resolving deltas:  88% (8/9)   [Kremote: Resolving deltas: 100% (9/9)   [Kremote: Resolving deltas: 100% (9/9), completed with 8 local objects.[K
To https://github.com/wliammd/Eightfold-Path.git
   23ccef3..5c0b881  master -> master
[Kwliamlaptop:Eightfold-Path wliamlaptop$ git status
On branch master
Your branch is up to date with 'origin/master'.

Changes not staged for commit:
  (use "git add <file>..." to update what will be committed)
  (use "git checkout -- <file>..." to discard changes in working directory)

	[31mmodified:   .Rproj.user/D6301B1F/console06/58601096[m
	[31mmodified:   .Rproj.user/D6301B1F/console06/INDEX001[m
	[31mmodified:   .Rproj.user/D6301B1F/sources/prop/A8ED6DE2[m
	[31mmodified:   .Rproj.user/shared/notebooks/312DF253-eighfoldMusings/1/s/chunks.json[m
	[31mmodified:   eighfoldMusings.Rmd[m

Untracked files:
  (use "git add <file>..." to include in what will be committed)

	[31m.Rproj.user/D6301B1F/sources/s-66885F29/[m
	[31m.Rproj.user/shared/notebooks/312DF253-eighfoldMusings/1/D6301B1F66885F29/[m

no changes added to commit (use "git add" and/or "git commit -a")
]0;~/Documents/R_Work/Ninefold-Path/Eightfold-Pathwliamlaptop:Eightfold-Path wliamlaptop$ git add .
]0;~/Documents/R_Work/Ninefold-Path/Eightfold-Pathwliamlaptop:Eightfold-Path wliamlaptop$ git commit -m "wondering about  role of comments in code in R m[K[K[KMD
> 
]0;~/Documents/R_Work/Ninefold-Path/Eightfold-Pathwliamlaptop:Eightfold-Path wliamlaptop$ git comm[K[K[K[K[K[K[K[Kgit status
On branch master
Your branch is up to date with 'origin/master'.

Changes to be committed:
  (use "git reset HEAD <file>..." to unstage)

	[32mmodified:   .Rproj.user/D6301B1F/console06/58601096[m
	[32mmodified:   .Rproj.user/D6301B1F/console06/INDEX001[m
	[32mmodified:   .Rproj.user/D6301B1F/sources/prop/A8ED6DE2[m
	[32mnew file:   .Rproj.user/D6301B1F/sources/s-66885F29/4BF190E5[m
	[32mnew file:   .Rproj.user/D6301B1F/sources/s-66885F29/4BF190E5-contents[m
	[32mnew file:   .Rproj.user/D6301B1F/sources/s-66885F29/lock_file[m
	[32mnew file:   .Rproj.user/shared/notebooks/312DF253-eighfoldMusings/1/D6301B1F66885F29/chunks.json[m
	[32mmodified:   .Rproj.user/shared/notebooks/312DF253-eighfoldMusings/1/s/chunks.json[m
	[32mmodified:   eighfoldMusings.Rmd[m

Changes not staged for commit:
  (use "git add <file>..." to update what will be committed)
  (use "git checkout -- <file>..." to discard changes in working directory)

	[31mmodified:   .Rproj.user/D6301B1F/console06/58601096[m

]0;~/Documents/R_Work/Ninefold-Path/Eightfold-Pathwliamlaptop:Eightfold-Path wliamlaptop$ git co[K[Kadd .
]0;~/Documents/R_Work/Ninefold-Path/Eightfold-Pathwliamlaptop:Eightfold-Path wliamlaptop$ git commit -m"[K "queries status  of comments in code in RMD"
[master 02e01ec] queries status of comments in code in RMD
 9 files changed, 115 insertions(+), 5 deletions(-)
 rewrite .Rproj.user/D6301B1F/console06/INDEX001 (87%)
 create mode 100644 .Rproj.user/D6301B1F/sources/s-66885F29/4BF190E5
 create mode 100644 .Rproj.user/D6301B1F/sources/s-66885F29/4BF190E5-contents
 create mode 100644 .Rproj.user/D6301B1F/sources/s-66885F29/lock_file
 create mode 100644 .Rproj.user/shared/notebooks/312DF253-eighfoldMusings/1/D6301B1F66885F29/chunks.json
]0;~/Documents/R_Work/Ninefold-Path/Eightfold-Pathwliamlaptop:Eightfold-Path wliamlaptop$ git push
Counting objects: 19, done.
Delta compression using up to 8 threads.
Compressing objects:   6% (1/16)   Compressing objects:  12% (2/16)   Compressing objects:  18% (3/16)   Compressing objects:  25% (4/16)   Compressing objects:  31% (5/16)   Compressing objects:  37% (6/16)   Compressing objects:  43% (7/16)   Compressing objects:  50% (8/16)   Compressing objects:  56% (9/16)   Compressing objects:  62% (10/16)   Compressing objects:  68% (11/16)   Compressing objects:  75% (12/16)   Compressing objects:  81% (13/16)   Compressing objects:  87% (14/16)   Compressing objects:  93% (15/16)   Compressing objects: 100% (16/16)   Compressing objects: 100% (16/16), done.
Writing objects:   5% (1/19)   Writing objects:  10% (2/19)   Writing objects:  15% (3/19)   Writing objects:  21% (4/19)   Writing objects:  26% (5/19)   Writing objects:  31% (6/19)   Writing objects:  36% (7/19)   Writing objects:  42% (8/19)   Writing objects:  47% (9/19)   Writing objects:  52% (10/19)   Writing objects:  57% (11/19)   Writing objects:  63% (12/19)   Writing objects:  68% (13/19)   Writing objects:  73% (14/19)   Writing objects:  78% (15/19)   Writing objects:  84% (16/19)   Writing objects:  89% (17/19)   Writing objects:  94% (18/19)   Writing objects: 100% (19/19)   Writing objects: 100% (19/19), 2.51 KiB | 198.00 KiB/s, done.
Total 19 (delta 5), reused 0 (delta 0)
remote: Resolving deltas:   0% (0/5)   [Kremote: Resolving deltas:  20% (1/5)   [Kremote: Resolving deltas:  40% (2/5)   [Kremote: Resolving deltas:  60% (3/5)   [Kremote: Resolving deltas:  80% (4/5)   [Kremote: Resolving deltas: 100% (5/5)   [Kremote: Resolving deltas: 100% (5/5), completed with 5 local objects.[K
To https://github.com/wliammd/Eightfold-Path.git
   c9b0cff..02e01ec  master -> master
]0;~/Documents/R_Work/Ninefold-Path/Eightfold-Pathwliamlaptop:Eightfold-Path wliamlaptop$ git stau[Ktus
On branch master
Your branch is up to date with 'origin/master'.

Changes not staged for commit:
  (use "git add <file>..." to update what will be committed)
  (use "git checkout -- <file>..." to discard changes in working directory)

	[31mmodified:   .Rproj.user/D6301B1F/console06/58601096[m
	[31mmodified:   .Rproj.user/D6301B1F/console06/58601096.env[m

no changes added to commit (use "git add" and/or "git commit -a")
git status
On branch master
Your branch is ahead of 'origin/master' by 1 commit.
  (use "git push" to publish your local commits)

Changes not staged for commit:
  (use "git add <file>..." to update what will be committed)
  (use "git checkout -- <file>..." to discard changes in working directory)

	[31mmodified:   .Rproj.user/D6301B1F/console06/58601096[m
	[31mmodified:   .Rproj.user/D6301B1F/console06/INDEX001[m

no changes added to commit (use "git add" and/or "git commit -a")
git stats[Kus
On branch master
Your branch is up to date with 'origin/master'.

Changes not staged for commit:
  (use "git add <file>..." to update what will be committed)
  (use "git checkout -- <file>..." to discard changes in working directory)

	[31mmodified:   .Rproj.user/D6301B1F/console06/58601096[m
	[31mmodified:   .Rproj.user/D6301B1F/console06/INDEX001[m

no changes added to commit (use "git add" and/or "git commit -a")
]0;~/Documents/R_Work/Ninefold-Path/Eightfold-Pathwliamlaptop:Eightfold-Path wliamlaptop$ git add .
]0;~/Documents/R_Work/Ninefold-Path/Eightfold-Pathwliamlaptop:Eightfold-Path wliamlaptop$ git commit -m "hows[K is this dif ferent from the Git window in Rstudio? (the termianl[K[K[Knal in S[KRstudio)"
[master 2c4f3a3] how is this different from the Git window in Rstudio? (the terminal in Rstudio)
 2 files changed, 14 insertions(+), 2 deletions(-)
 rewrite .Rproj.user/D6301B1F/console06/INDEX001 (62%)
]0;~/Documents/R_Work/Ninefold-Path/Eightfold-Pathwliamlaptop:Eightfold-Path wliamlaptop$ git push
Counting objects: 7, done.
Delta compression using up to 8 threads.
Compressing objects:  14% (1/7)   Compressing objects:  28% (2/7)   Compressing objects:  42% (3/7)   Compressing objects:  57% (4/7)   Compressing objects:  71% (5/7)   Compressing objects:  85% (6/7)   Compressing objects: 100% (7/7)   Compressing objects: 100% (7/7), done.
Writing objects:  14% (1/7)   Writing objects:  28% (2/7)   Writing objects:  42% (3/7)   Writing objects:  57% (4/7)   Writing objects:  71% (5/7)   Writing objects:  85% (6/7)   Writing objects: 100% (7/7)   Writing objects: 100% (7/7), 657 bytes | 657.00 KiB/s, done.
Total 7 (delta 4), reused 0 (delta 0)
remote: Resolving deltas:   0% (0/4)   [Kremote: Resolving deltas:  25% (1/4)   [Kremote: Resolving deltas:  50% (2/4)   [Kremote: Resolving deltas:  75% (3/4)   [Kremote: Resolving deltas: 100% (4/4)   [Kremote: Resolving deltas: 100% (4/4), completed with 4 local objects.[K
To https://github.com/wliammd/Eightfold-Path.git
   38a3107..2c4f3a3  master -> master
]0;~/Documents/R_Work/Ninefold-Path/Eightfold-Pathwliamlaptop:Eightfold-Path wliamlaptop$ git status
On branch master
Your branch is up to date with 'origin/master'.

Changes not staged for commit:
  (use "git add <file>..." to update what will be committed)
  (use "git checkout -- <file>..." to discard changes in working directory)

	[31mmodified:   .Rproj.user/D6301B1F/console06/58601096[m

no changes added to commit (use "git add" and/or "git commit -a")
git status
On branch master
Your branch is up to date with 'origin/master'.

Changes not staged for commit:
  (use "git add <file>..." to update what will be committed)
  (use "git checkout -- <file>..." to discard changes in working directory)

	[31mmodified:   .Rproj.user/D6301B1F/console06/58601096[m
	[31mmodified:   .Rproj.user/D6301B1F/console06/INDEX001[m

no changes added to commit (use "git add" and/or "git commit -a")
git stt[Katus
On branch master
Your branch is up to date with 'origin/master'.

Changes not staged for commit:
  (use "git add <file>..." to update what will be committed)
  (use "git checkout -- <file>..." to discard changes in working directory)

	[31mmodified:   .Rproj.user/D6301B1F/console06/58601096[m
	[31mmodified:   .Rproj.user/D6301B1F/console06/INDEX001[m
	[31mmodified:   .Rproj.user/D6301B1F/sources/prop/A8ED6DE2[m
	[31mmodified:   .Rproj.user/shared/notebooks/paths[m
	[31mmodified:   eighfoldMusings.Rmd[m

no changes added to commit (use "git add" and/or "git commit -a")
]0;~/Documents/R_Work/Ninefold-Path/Eightfold-Pathwliamlaptop:Eightfold-Path wliamlaptop$ git ad .[K[Kd .
]0;~/Documents/R_Work/Ninefold-Path/Eightfold-Pathwliamlaptop:Eightfold-Path wliamlaptop$ git commit -M[Km "framing usi[Keuf[K[Kful  question"
[master fde2b93] framing useful question
 5 files changed, 21 insertions(+), 4 deletions(-)
 rewrite .Rproj.user/D6301B1F/console06/INDEX001 (87%)
]0;~/Documents/R_Work/Ninefold-Path/Eightfold-Pathwliamlaptop:Eightfold-Path wliamlaptop$ git push
Counting objects: 14, done.
Delta compression using up to 8 threads.
Compressing objects:   8% (1/12)   Compressing objects:  16% (2/12)   Compressing objects:  25% (3/12)   Compressing objects:  33% (4/12)   Compressing objects:  41% (5/12)   Compressing objects:  50% (6/12)   Compressing objects:  58% (7/12)   Compressing objects:  66% (8/12)   Compressing objects:  75% (9/12)   Compressing objects:  83% (10/12)   Compressing objects:  91% (11/12)   Compressing objects: 100% (12/12)   Compressing objects: 100% (12/12), done.
Writing objects:   7% (1/14)   Writing objects:  14% (2/14)   Writing objects:  21% (3/14)   Writing objects:  28% (4/14)   Writing objects:  35% (5/14)   Writing objects:  42% (6/14)   Writing objects:  50% (7/14)   Writing objects:  57% (8/14)   Writing objects:  64% (9/14)   Writing objects:  71% (10/14)   Writing objects:  78% (11/14)   Writing objects:  85% (12/14)   Writing objects:  92% (13/14)   Writing objects: 100% (14/14)   Writing objects: 100% (14/14), 1.15 KiB | 1.15 MiB/s, done.
Total 14 (delta 6), reused 0 (delta 0)
remote: Resolving deltas:   0% (0/6)   [Kremote: Resolving deltas:  16% (1/6)   [Kremote: Resolving deltas:  33% (2/6)   [Kremote: Resolving deltas:  50% (3/6)   [Kremote: Resolving deltas:  66% (4/6)   [Kremote: Resolving deltas:  83% (5/6)   [Kremote: Resolving deltas: 100% (6/6)   [Kremote: Resolving deltas: 100% (6/6), completed with 6 local objects.[K
To https://github.com/wliammd/Eightfold-Path.git
   53ef927..fde2b93  master -> master
]0;~/Documents/R_Work/Ninefold-Path/Eightfold-Pathwliamlaptop:Eightfold-Path wliamlaptop$ git status
On branch master
Your branch is up to date with 'origin/master'.

Changes not staged for commit:
  (use "git add <file>..." to update what will be committed)
  (use "git checkout -- <file>..." to discard changes in working directory)

	[31mmodified:   .Rproj.user/D6301B1F/console06/58601096[m
	[31mmodified:   .Rproj.user/D6301B1F/console06/58601096.env[m

no changes added to commit (use "git add" and/or "git commit -a")
]0;~/Documents/R_Work/Ninefold-Path/Eightfold-Pathwliamlaptop:Eightfold-Path wliamlaptop$ git status
On branch master
Your branch is up to date with 'origin/master'.

Changes not staged for commit:
  (use "git add <file>..." to update what will be committed)
  (use "git checkout -- <file>..." to discard changes in working directory)

	[31mmodified:   .Rproj.user/D6301B1F/console06/58601096[m
	[31mmodified:   .Rproj.user/D6301B1F/sources/prop/A8ED6DE2[m
	[31mmodified:   eighfoldMusings.Rmd[m

no changes added to commit (use "git add" and/or "git commit -a")
]0;~/Documents/R_Work/Ninefold-Path/Eightfold-Pathwliamlaptop:Eightfold-Path wliamlaptop$ gi [Kt add .
]0;~/Documents/R_Work/Ninefold-Path/Eightfold-Pathwliamlaptop:Eightfold-Path wliamlaptop$ git commit - m"[K "not [K[K[K[Kpractice commi tting"
error: pathspec '-' did not match any file(s) known to git.
error: pathspec 'm' did not match any file(s) known to git.
error: pathspec 'practice committing' did not match any file(s) known to git.
]0;~/Documents/R_Work/Ninefold-Path/Eightfold-Pathwliamlaptop:Eightfold-Path wliamlaptop$ git com[K[K[Kadd.[K .
]0;~/Documents/R_Work/Ninefold-Path/Eightfold-Pathwliamlaptop:Eightfold-Path wliamlaptop$ g[Kgit commit - "again with this" [A[C[C[C[C[C[C[C[C[C[C[C[C[C[C[C[C[C[C[C[C[C[C[C[C[C[C[C[C[C[C[C[C[C[C[C[C[C[C[C[C[C[C[C[C[C[C[C[C[C[C[C[C[C[C[C[C[C[C[C[C[C[C[C[C[C[C[C[C[C[K"
error: pathspec '-' did not match any file(s) known to git.
error: pathspec 'again with this' did not match any file(s) known to git.
]0;~/Documents/R_Work/Ninefold-Path/Eightfold-Pathwliamlaptop:Eightfold-Path wliamlaptop$ pwd
/Users/wliamlaptop/Documents/R_Work/Ninefold-Path/Eightfold-Path
]0;~/Documents/R_Work/Ninefold-Path/Eightfold-Pathwliamlaptop:Eightfold-Path wliamlaptop$ git [K[K[K[Kgit status
On branch master
Your branch is up to date with 'origin/master'.

Changes to be committed:
  (use "git reset HEAD <file>..." to unstage)

	[32mmodified:   .Rproj.user/D6301B1F/console06/58601096[m
	[32mmodified:   .Rproj.user/D6301B1F/sources/prop/A8ED6DE2[m
	[32mmodified:   eighfoldMusings.Rmd[m

Changes not staged for commit:
  (use "git add <file>..." to update what will be committed)
  (use "git checkout -- <file>..." to discard changes in working directory)

	[31mmodified:   .Rproj.user/D6301B1F/console06/58601096[m

]0;~/Documents/R_Work/Ninefold-Path/Eightfold-Pathwliamlaptop:Eightfold-Path wliamlaptop$ git push
Everything up-to-date
]0;~/Documents/R_Work/Ninefold-Path/Eightfold-Pathwliamlaptop:Eightfold-Path wliamlaptop$ git status
On branch master
Your branch is up to date with 'origin/master'.

Changes to be committed:
  (use "git reset HEAD <file>..." to unstage)

	[32mmodified:   .Rproj.user/D6301B1F/console06/58601096[m
	[32mmodified:   .Rproj.user/D6301B1F/sources/prop/A8ED6DE2[m
	[32mmodified:   eighfoldMusings.Rmd[m

Changes not staged for commit:
  (use "git add <file>..." to update what will be committed)
  (use "git checkout -- <file>..." to discard changes in working directory)

	[31mmodified:   .Rproj.user/D6301B1F/console06/58601096[m

]0;~/Documents/R_Work/Ninefold-Path/Eightfold-Pathwliamlaptop:Eightfold-Path wliamlaptop$ git add .
]0;~/Documents/R_Work/Ninefold-Path/Eightfold-Pathwliamlaptop:Eightfold-Path wliamlaptop$ git commit -m"[K "stuff"
[master 067ce16] stuff
 3 files changed, 64 insertions(+), 4 deletions(-)
]0;~/Documents/R_Work/Ninefold-Path/Eightfold-Pathwliamlaptop:Eightfold-Path wliamlaptop$ git push
Counting objects: 10, done.
Delta compression using up to 8 threads.
Compressing objects:  11% (1/9)   Compressing objects:  22% (2/9)   Compressing objects:  33% (3/9)   Compressing objects:  44% (4/9)   Compressing objects:  55% (5/9)   Compressing objects:  66% (6/9)   Compressing objects:  77% (7/9)   Compressing objects:  88% (8/9)   Compressing objects: 100% (9/9)   Compressing objects: 100% (9/9), done.
Writing objects:  10% (1/10)   Writing objects:  20% (2/10)   Writing objects:  30% (3/10)   Writing objects:  40% (4/10)   Writing objects:  50% (5/10)   Writing objects:  60% (6/10)   Writing objects:  70% (7/10)   Writing objects:  80% (8/10)   Writing objects:  90% (9/10)   Writing objects: 100% (10/10)   Writing objects: 100% (10/10), 1.19 KiB | 1.19 MiB/s, done.
Total 10 (delta 5), reused 0 (delta 0)
remote: Resolving deltas:   0% (0/5)   [Kremote: Resolving deltas:  20% (1/5)   [Kremote: Resolving deltas:  40% (2/5)   [Kremote: Resolving deltas:  60% (3/5)   [Kremote: Resolving deltas:  80% (4/5)   [Kremote: Resolving deltas: 100% (5/5)   [Kremote: Resolving deltas: 100% (5/5), completed with 5 local objects.[K
To https://github.com/wliammd/Eightfold-Path.git
   54ecaca..067ce16  master -> master
]0;~/Documents/R_Work/Ninefold-Path/Eightfold-Pathwliamlaptop:Eightfold-Path wliamlaptop$ git status
On branch master
Your branch is up to date with 'origin/master'.

Changes not staged for commit:
  (use "git add <file>..." to update what will be committed)
  (use "git checkout -- <file>..." to discard changes in working directory)

	[31mmodified:   .Rproj.user/D6301B1F/console06/58601096[m

no changes added to commit (use "git add" and/or "git commit -a")
]0;~/Documents/R_Work/Ninefold-Path/Eightfold-Pathwliamlaptop:Eightfold-Path wliamlaptop$ git status
On branch master
Your branch is up to date with 'origin/master'.

Changes not staged for commit:
  (use "git add <file>..." to update what will be committed)
  (use "git checkout -- <file>..." to discard changes in working directory)

	[31mmodified:   .Rproj.user/D6301B1F/console06/58601096[m

no changes added to commit (use "git add" and/or "git commit -a")
]0;~/Documents/R_Work/Ninefold-Path/Eightfold-Pathwliamlaptop:Eightfold-Path wliamlaptop$ git [K[K[K[Kgit status
On branch master
Your branch is up to date with 'origin/master'.

Changes not staged for commit:
  (use "git add <file>..." to update what will be committed)
  (use "git checkout -- <file>..." to discard changes in working directory)

	[31mmodified:   .Rproj.user/D6301B1F/console06/58601096[m
	[31mmodified:   .Rproj.user/D6301B1F/sources/prop/A8ED6DE2[m
	[31mmodified:   eighfoldMusings.Rmd[m

no changes added to commit (use "git add" and/or "git commit -a")
]0;~/Documents/R_Work/Ninefold-Path/Eightfold-Pathwliamlaptop:Eightfold-Path wliamlaptop$ git add .
]0;~/Documents/R_Work/Ninefold-Path/Eightfold-Pathwliamlaptop:Eightfold-Path wliamlaptop$ git commit - m[K[Km "in RSut[K[Ktudie[Ko term inal wo[Kindow."
[master 65d7cbe] in RStudio terminal window.
 3 files changed, 28 insertions(+), 3 deletions(-)
]0;~/Documents/R_Work/Ninefold-Path/Eightfold-Pathwliamlaptop:Eightfold-Path wliamlaptop$ git pusy
git: 'pusy' is not a git command. See 'git --help'.

The most similar command is
	push
]0;~/Documents/R_Work/Ninefold-Path/Eightfold-Pathwliamlaptop:Eightfold-Path wliamlaptop$ git pugh[K[Ksh
Counting objects: 10, done.
Delta compression using up to 8 threads.
Compressing objects:  11% (1/9)   Compressing objects:  22% (2/9)   Compressing objects:  33% (3/9)   Compressing objects:  44% (4/9)   Compressing objects:  55% (5/9)   Compressing objects:  66% (6/9)   Compressing objects:  77% (7/9)   Compressing objects:  88% (8/9)   Compressing objects: 100% (9/9)   Compressing objects: 100% (9/9), done.
Writing objects:  10% (1/10)   Writing objects:  20% (2/10)   Writing objects:  30% (3/10)   Writing objects:  40% (4/10)   Writing objects:  50% (5/10)   Writing objects:  60% (6/10)   Writing objects:  70% (7/10)   Writing objects:  80% (8/10)   Writing objects:  90% (9/10)   Writing objects: 100% (10/10)   Writing objects: 100% (10/10), 838 bytes | 838.00 KiB/s, done.
Total 10 (delta 5), reused 0 (delta 0)
remote: Resolving deltas:   0% (0/5)   [Kremote: Resolving deltas:  20% (1/5)   [Kremote: Resolving deltas:  40% (2/5)   [Kremote: Resolving deltas:  60% (3/5)   [Kremote: Resolving deltas:  80% (4/5)   [Kremote: Resolving deltas: 100% (5/5)   [Kremote: Resolving deltas: 100% (5/5), completed with 5 local objects.[K
To https://github.com/wliammd/Eightfold-Path.git
   66b8231..65d7cbe  master -> master
]0;~/Documents/R_Work/Ninefold-Path/Eightfold-Pathwliamlaptop:Eightfold-Path wliamlaptop$ git status
On branch master
Your branch is up to date with 'origin/master'.

Changes not staged for commit:
  (use "git add <file>..." to update what will be committed)
  (use "git checkout -- <file>..." to discard changes in working directory)

	[31mmodified:   .Rproj.user/D6301B1F/console06/58601096[m

no changes added to commit (use "git add" and/or "git commit -a")
git statut[Ks
On branch master
Your branch is up to date with 'origin/master'.

Changes not staged for commit:
  (use "git add <file>..." to update what will be committed)
  (use "git checkout -- <file>..." to discard changes in working directory)

	[31mmodified:   .Rproj.user/D6301B1F/console06/58601096[m
	[31mmodified:   .Rproj.user/D6301B1F/console06/INDEX001[m

no changes added to commit (use "git add" and/or "git commit -a")
]0;~/Documents/R_Work/Ninefold-Path/Eightfold-Pathwliamlaptop:Eightfold-Path wliamlaptop$ git comm[K[K[K[Kadd .
]0;~/Documents/R_Work/Ninefold-Path/Eightfold-Pathwliamlaptop:Eightfold-Path wliamlaptop$ git caomm[K[K[K[Kommit -m "more, always mo re"
[master dafbd24] more, always more
 3 files changed, 16 insertions(+), 4 deletions(-)
 rewrite .Rproj.user/D6301B1F/console06/INDEX001 (62%)
]0;~/Documents/R_Work/Ninefold-Path/Eightfold-Pathwliamlaptop:Eightfold-Path wliamlaptop$ it[K[Kgit status[K[K[K[K[K[Kpush
Counting objects: 8, done.
Delta compression using up to 8 threads.
Compressing objects:  12% (1/8)   Compressing objects:  25% (2/8)   Compressing objects:  37% (3/8)   Compressing objects:  50% (4/8)   Compressing objects:  62% (5/8)   Compressing objects:  75% (6/8)   Compressing objects:  87% (7/8)   Compressing objects: 100% (8/8)   Compressing objects: 100% (8/8), done.
Writing objects:  12% (1/8)   Writing objects:  25% (2/8)   Writing objects:  37% (3/8)   Writing objects:  50% (4/8)   Writing objects:  62% (5/8)   Writing objects:  75% (6/8)   Writing objects:  87% (7/8)   Writing objects: 100% (8/8)   Writing objects: 100% (8/8), 690 bytes | 690.00 KiB/s, done.
Total 8 (delta 5), reused 0 (delta 0)
remote: Resolving deltas:   0% (0/5)   [Kremote: Resolving deltas:  20% (1/5)   [Kremote: Resolving deltas:  40% (2/5)   [Kremote: Resolving deltas:  60% (3/5)   [Kremote: Resolving deltas:  80% (4/5)   [Kremote: Resolving deltas: 100% (5/5)   [Kremote: Resolving deltas: 100% (5/5), completed with 5 local objects.[K
To https://github.com/wliammd/Eightfold-Path.git
   4a9b093..dafbd24  master -> master
[Kwliamlaptop:Eightfold-Path wliamlaptop$ git  add .
]0;~/Documents/R_Work/Ninefold-Path/Eightfold-Pathwliamlaptop:Eightfold-Path wliamlaptop$ [Kwliamlaptop:Eightfold-Path wliamlaptop$ [Kwliamlaptop:Eightfold-Path wliamlaptop$ git commit -m "mummer's danc e"
[master dc86495] mummer's dance
 4 files changed, 4 insertions(+), 5 deletions(-)
 rewrite .Rproj.user/D6301B1F/console06/INDEX001 (87%)
]0;~/Documents/R_Work/Ninefold-Path/Eightfold-Pathwliamlaptop:Eightfold-Path wliamlaptop$ git push
Counting objects: 11, done.
Delta compression using up to 8 threads.
Compressing objects:  10% (1/10)   Compressing objects:  20% (2/10)   Compressing objects:  30% (3/10)   Compressing objects:  40% (4/10)   Compressing objects:  50% (5/10)   Compressing objects:  60% (6/10)   Compressing objects:  70% (7/10)   Compressing objects:  80% (8/10)   Compressing objects:  90% (9/10)   Compressing objects: 100% (10/10)   Compressing objects: 100% (10/10), done.
Writing objects:   9% (1/11)   Writing objects:  18% (2/11)   Writing objects:  27% (3/11)   Writing objects:  36% (4/11)   Writing objects:  45% (5/11)   Writing objects:  54% (6/11)   Writing objects:  63% (7/11)   Writing objects:  72% (8/11)   Writing objects:  81% (9/11)   Writing objects:  90% (10/11)   Writing objects: 100% (11/11)   Writing objects: 100% (11/11), 910 bytes | 910.00 KiB/s, done.
Total 11 (delta 6), reused 0 (delta 0)
remote: Resolving deltas:   0% (0/6)   [Kremote: Resolving deltas:  16% (1/6)   [Kremote: Resolving deltas:  33% (2/6)   [Kremote: Resolving deltas:  50% (3/6)   [Kremote: Resolving deltas:  66% (4/6)   [Kremote: Resolving deltas:  83% (5/6)   [Kremote: Resolving deltas: 100% (6/6)   [Kremote: Resolving deltas: 100% (6/6), completed with 6 local objects.[K
To https://github.com/wliammd/Eightfold-Path.git
   d0267e6..dc86495  master -> master
]0;~/Documents/R_Work/Ninefold-Path/Eightfold-Pathwliamlaptop:Eightfold-Path wliamlaptop$ git status
On branch master
Your branch is up to date with 'origin/master'.

Changes not staged for commit:
  (use "git add <file>..." to update what will be committed)
  (use "git checkout -- <file>..." to discard changes in working directory)

	[31mmodified:   .Rproj.user/D6301B1F/console06/58601096[m
	[31mmodified:   .Rproj.user/D6301B1F/console06/58601096.env[m
	[31mmodified:   .Rproj.user/D6301B1F/console06/INDEX001[m

no changes added to commit (use "git add" and/or "git commit -a")
]0;~/Documents/R_Work/Ninefold-Path/Eightfold-Pathwliamlaptop:Eightfold-Path wliamlaptop$ 